Archive member included to satisfy reference by file (symbol)

C:/Users/dougl/.pico-sdk/toolchain/13_2_Rel1/bin/../lib/gcc/arm-none-eabi/13.2.1/thumb/v6-m/nofp\libgcc.a(_dvmd_tls.o)
                              CMakeFiles/webserver.dir/C_/Users/dougl/.pico-sdk/sdk/1.5.1/src/rp2_common/pico_divider/divider.S.obj (__aeabi_idiv0)
C:/Users/dougl/.pico-sdk/toolchain/13_2_Rel1/bin/../lib/gcc/arm-none-eabi/13.2.1/thumb/v6-m/nofp\libc.a(libc_a-atoi.o)
                              CMakeFiles/webserver.dir/C_/Users/dougl/.pico-sdk/sdk/1.5.1/lib/lwip/src/apps/http/httpd.c.obj (atoi)
C:/Users/dougl/.pico-sdk/toolchain/13_2_Rel1/bin/../lib/gcc/arm-none-eabi/13.2.1/thumb/v6-m/nofp\libc.a(libc_a-calloc.o)
                              CMakeFiles/webserver.dir/C_/Users/dougl/.pico-sdk/sdk/1.5.1/src/rp2_common/pico_malloc/pico_malloc.c.obj (calloc)
C:/Users/dougl/.pico-sdk/toolchain/13_2_Rel1/bin/../lib/gcc/arm-none-eabi/13.2.1/thumb/v6-m/nofp\libc.a(libc_a-callocr.o)
                              C:/Users/dougl/.pico-sdk/toolchain/13_2_Rel1/bin/../lib/gcc/arm-none-eabi/13.2.1/thumb/v6-m/nofp\libc.a(libc_a-calloc.o) (_calloc_r)
C:/Users/dougl/.pico-sdk/toolchain/13_2_Rel1/bin/../lib/gcc/arm-none-eabi/13.2.1/thumb/v6-m/nofp\libc.a(libc_a-malloc.o)
                              CMakeFiles/webserver.dir/C_/Users/dougl/.pico-sdk/sdk/1.5.1/src/rp2_common/pico_malloc/pico_malloc.c.obj (malloc)
C:/Users/dougl/.pico-sdk/toolchain/13_2_Rel1/bin/../lib/gcc/arm-none-eabi/13.2.1/thumb/v6-m/nofp\libc.a(libc_a-mallocr.o)
                              C:/Users/dougl/.pico-sdk/toolchain/13_2_Rel1/bin/../lib/gcc/arm-none-eabi/13.2.1/thumb/v6-m/nofp\libc.a(libc_a-callocr.o) (_malloc_r)
C:/Users/dougl/.pico-sdk/toolchain/13_2_Rel1/bin/../lib/gcc/arm-none-eabi/13.2.1/thumb/v6-m/nofp\libc.a(libc_a-mlock.o)
                              C:/Users/dougl/.pico-sdk/toolchain/13_2_Rel1/bin/../lib/gcc/arm-none-eabi/13.2.1/thumb/v6-m/nofp\libc.a(libc_a-mallocr.o) (__malloc_lock)
C:/Users/dougl/.pico-sdk/toolchain/13_2_Rel1/bin/../lib/gcc/arm-none-eabi/13.2.1/thumb/v6-m/nofp\libc.a(libc_a-realloc.o)
                              CMakeFiles/webserver.dir/C_/Users/dougl/.pico-sdk/sdk/1.5.1/src/rp2_common/pico_malloc/pico_malloc.c.obj (realloc)
C:/Users/dougl/.pico-sdk/toolchain/13_2_Rel1/bin/../lib/gcc/arm-none-eabi/13.2.1/thumb/v6-m/nofp\libc.a(libc_a-reallocr.o)
                              C:/Users/dougl/.pico-sdk/toolchain/13_2_Rel1/bin/../lib/gcc/arm-none-eabi/13.2.1/thumb/v6-m/nofp\libc.a(libc_a-realloc.o) (_realloc_r)
C:/Users/dougl/.pico-sdk/toolchain/13_2_Rel1/bin/../lib/gcc/arm-none-eabi/13.2.1/thumb/v6-m/nofp\libc.a(libc_a-strtol.o)
                              C:/Users/dougl/.pico-sdk/toolchain/13_2_Rel1/bin/../lib/gcc/arm-none-eabi/13.2.1/thumb/v6-m/nofp\libc.a(libc_a-atoi.o) (_strtol_r)
C:/Users/dougl/.pico-sdk/toolchain/13_2_Rel1/bin/../lib/gcc/arm-none-eabi/13.2.1/thumb/v6-m/nofp\libc.a(libc_a-ctype_.o)
                              CMakeFiles/webserver.dir/C_/Users/dougl/.pico-sdk/sdk/1.5.1/lib/lwip/src/core/dns.c.obj (_ctype_)
C:/Users/dougl/.pico-sdk/toolchain/13_2_Rel1/bin/../lib/gcc/arm-none-eabi/13.2.1/thumb/v6-m/nofp\libc.a(libc_a-memcmp.o)
                              CMakeFiles/webserver.dir/C_/Users/dougl/.pico-sdk/sdk/1.5.1/lib/lwip/src/apps/http/httpd.c.obj (memcmp)
C:/Users/dougl/.pico-sdk/toolchain/13_2_Rel1/bin/../lib/gcc/arm-none-eabi/13.2.1/thumb/v6-m/nofp\libc.a(libc_a-memmove.o)
                              CMakeFiles/webserver.dir/C_/Users/dougl/.pico-sdk/sdk/1.5.1/lib/lwip/src/core/def.c.obj (memmove)
C:/Users/dougl/.pico-sdk/toolchain/13_2_Rel1/bin/../lib/gcc/arm-none-eabi/13.2.1/thumb/v6-m/nofp\libc.a(libc_a-strchr.o)
                              CMakeFiles/webserver.dir/C_/Users/dougl/.pico-sdk/sdk/1.5.1/lib/lwip/src/apps/http/httpd.c.obj (strchr)
C:/Users/dougl/.pico-sdk/toolchain/13_2_Rel1/bin/../lib/gcc/arm-none-eabi/13.2.1/thumb/v6-m/nofp\libc.a(libc_a-strncmp.o)
                              CMakeFiles/webserver.dir/C_/Users/dougl/.pico-sdk/sdk/1.5.1/lib/lwip/src/apps/http/httpd.c.obj (strncmp)
C:/Users/dougl/.pico-sdk/toolchain/13_2_Rel1/bin/../lib/gcc/arm-none-eabi/13.2.1/thumb/v6-m/nofp\libc.a(libc_a-strstr.o)
                              CMakeFiles/webserver.dir/webserver.c.obj (strstr)
C:/Users/dougl/.pico-sdk/toolchain/13_2_Rel1/bin/../lib/gcc/arm-none-eabi/13.2.1/thumb/v6-m/nofp\libc.a(libc_a-impure.o)
                              C:/Users/dougl/.pico-sdk/toolchain/13_2_Rel1/bin/../lib/gcc/arm-none-eabi/13.2.1/thumb/v6-m/nofp\libc.a(libc_a-calloc.o) (_impure_ptr)
C:/Users/dougl/.pico-sdk/toolchain/13_2_Rel1/bin/../lib/gcc/arm-none-eabi/13.2.1/thumb/v6-m/nofp\libc.a(libc_a-sbrkr.o)
                              C:/Users/dougl/.pico-sdk/toolchain/13_2_Rel1/bin/../lib/gcc/arm-none-eabi/13.2.1/thumb/v6-m/nofp\libc.a(libc_a-mallocr.o) (_sbrk_r)
C:/Users/dougl/.pico-sdk/toolchain/13_2_Rel1/bin/../lib/gcc/arm-none-eabi/13.2.1/thumb/v6-m/nofp\libc.a(libc_a-errno.o)
[...]
Memory Configuration

Name             Origin             Length             Attributes
FLASH            0x10000000         0x00200000         xr
RAM              0x20000000         0x00040000         xrw
SCRATCH_X        0x20040000         0x00001000         xrw
SCRATCH_Y        0x20041000         0x00001000         xrw
*default*        0x00000000         0xffffffff

Linker script and memory map

LOAD C:/Users/dougl/.pico-sdk/toolchain/13_2_Rel1/bin/../lib/gcc/arm-none-eabi/13.2.1/thumb/v6-m/nofp/crti.o
LOAD C:/Users/dougl/.pico-sdk/toolchain/13_2_Rel1/bin/../lib/gcc/arm-none-eabi/13.2.1/thumb/v6-m/nofp/crtbegin.o
LOAD C:/Users/dougl/.pico-sdk/toolchain/13_2_Rel1/bin/../lib/gcc/arm-none-eabi/13.2.1/thumb/v6-m/nofp/crt0.o

.flash_begin    0x10000000        0x0
                0x10000000                        __flash_binary_start = .

.boot2          0x10000000      0x100
                0x10000000                        __boot2_start__ = .
 *(.boot2)
 .boot2         0x10000000      0x100 C:\Users\dougl\AppData\Local\Temp\ccUP82yN.o
                0x10000100                        __boot2_end__ = .
                0x00000001                        ASSERT (((__boot2_end__ - __boot2_start__) == 0x100), ERROR: Pico second stage bootloader must be 256 bytes in size)

.text           0x10000100    0x17818
                0x10000100                        __logical_binary_start = .
 *(.vectors)
 .vectors       0x10000100       0xd4 CMakeFiles/webserver.dir/C_/Users/dougl/.pico-sdk/sdk/1.5.1/src/rp2_common/pico_standard_link/crt0.S.obj
                0x10000100                __VECTOR_TABLE
                0x10000100                __vectors
                0x100001c0                isr_invalid
                0x100001c0                __default_isrs_start
                0x100001c2                isr_nmi
                0x100001c4                isr_hardfault
                0x100001c6                isr_svcall
                0x100001c8                isr_pendsv
                0x100001ca                isr_systick
                0x100001cc                isr_irq23
                0x100001cc                isr_irq18
                0x100001cc                isr_irq11
                0x100001cc                isr_irq28
                0x100001cc                isr_irq19
                0x100001cc                isr_irq0
                0x100001cc                isr_irq6
                0x100001cc                isr_irq5
                0x100001cc                isr_irq12
                0x100001cc                isr_irq22
                0x100001cc                isr_irq31
                0x100001cc                isr_irq17
                0x100001cc                isr_irq27
                0x100001cc                isr_irq30
                0x100001cc                isr_irq2
                0x100001cc                isr_irq10
                0x100001cc                isr_irq8
                0x100001cc                isr_irq24
                0x100001cc                isr_irq1
                0x100001cc                isr_irq7
                0x100001cc                isr_irq21
                0x100001cc                isr_irq20
                0x100001cc                isr_irq15
                0x100001cc                isr_irq25
                0x100001cc                isr_irq13
                0x100001cc                __unhandled_user_irq
                0x100001cc                isr_irq4
                0x100001cc                isr_irq16
                0x100001cc                isr_irq29
                0x100001cc                isr_irq26
                0x100001cc                __default_isrs_end
                0x100001cc                isr_irq3
                0x100001cc                isr_irq14
                0x100001cc                isr_irq9
                0x100001d2                unhandled_user_irq_num_in_r0
 *(.binary_info_header)
 .binary_info_header
                0x100001d4       0x14 CMakeFiles/webserver.dir/C_/Users/dougl/.pico-sdk/sdk/1.5.1/src/rp2_common/pico_standard_link/crt0.S.obj
                0x100001e8                        __binary_info_header_end = .
 *(.reset)
 .reset         0x100001e8       0xa0 CMakeFiles/webserver.dir/C_/Users/dougl/.pico-sdk/sdk/1.5.1/src/rp2_common/pico_standard_link/crt0.S.obj
                0x100001e8                _entry_point
 .reset         0x10000288       0x30 CMakeFiles/webserver.dir/C_/Users/dougl/.pico-sdk/sdk/1.5.1/src/rp2_common/pico_standard_link/binary_info.c.obj
 *(.init)
 .init          0x100002b8        0x4 C:/Users/dougl/.pico-sdk/toolchain/13_2_Rel1/bin/../lib/gcc/arm-none-eabi/13.2.1/thumb/v6-m/nofp/crti.o
                0x100002b8                _init
 *(EXCLUDE_FILE(*libm.a: *libc.a:*lib_a-mem*.o *libgcc.a:) .text*)
 .text.register_tm_clones
                0x100002bc       0x28 C:/Users/dougl/.pico-sdk/toolchain/13_2_Rel1/bin/../lib/gcc/arm-none-eabi/13.2.1/thumb/v6-m/nofp/crtbegin.o
 .text.frame_dummy
                0x100002e4       0x24 C:/Users/dougl/.pico-sdk/toolchain/13_2_Rel1/bin/../lib/gcc/arm-none-eabi/13.2.1/thumb/v6-m/nofp/crtbegin.o
 .text.tcp_server_accept
                0x10000308       0x14 CMakeFiles/webserver.dir/webserver.c.obj
 .text.tcp_server_recv
                0x1000031c       0xb4 CMakeFiles/webserver.dir/webserver.c.obj
 .text.startup.main
                0x100003d0      0x1a4 CMakeFiles/webserver.dir/webserver.c.obj
                0x100003d0                main
 .text.gpio_set_function
                0x10000574       0x30 CMakeFiles/webserver.dir/C_/Users/dougl/.pico-sdk/sdk/1.5.1/src/rp2_common/hardware_gpio/gpio.c.obj
                0x10000574                gpio_set_function
 .text.gpio_set_pulls
                0x100005a4       0x24 CMakeFiles/webserver.dir/C_/Users/dougl/.pico-sdk/sdk/1.5.1/src/rp2_common/hardware_gpio/gpio.c.obj
                0x100005a4                gpio_set_pulls
 .text.gpio_set_input_hysteresis_enabled
                0x100005c8       0x28 CMakeFiles/webserver.dir/C_/Users/dougl/.pico-sdk/sdk/1.5.1/src/rp2_common/hardware_gpio/gpio.c.obj
                0x100005c8                gpio_set_input_hysteresis_enabled
 .text.gpio_set_irq_enabled
                0x100005f0       0x54 CMakeFiles/webserver.dir/C_/Users/dougl/.pico-sdk/sdk/1.5.1/src/rp2_common/hardware_gpio/gpio.c.obj
                0x100005f0                gpio_set_irq_enabled
 .text.gpio_add_raw_irq_handler_with_order_priority_masked
                0x10000644       0x44 CMakeFiles/webserver.dir/C_/Users/dougl/.pico-sdk/sdk/1.5.1/src/rp2_common/hardware_gpio/gpio.c.obj
                0x10000644                gpio_add_raw_irq_handler_with_order_priority_masked
 .text.gpio_remove_raw_irq_handler_masked
                0x10000688       0x20 CMakeFiles/webserver.dir/C_/Users/dougl/.pico-sdk/sdk/1.5.1/src/rp2_common/hardware_gpio/gpio.c.obj
                0x10000688                gpio_remove_raw_irq_handler_masked
 .text.gpio_set_input_enabled
                0x100006a8       0x28 CMakeFiles/webserver.dir/C_/Users/dougl/.pico-sdk/sdk/1.5.1/src/rp2_common/hardware_gpio/gpio.c.obj
                0x100006a8                gpio_set_input_enabled
 .text.gpio_init
                0x100006d0       0x3c CMakeFiles/webserver.dir/C_/Users/dougl/.pico-sdk/sdk/1.5.1/src/rp2_common/hardware_gpio/gpio.c.obj
                0x100006d0                gpio_init
 .text.running_on_fpga
                0x1000070c       0x10 CMakeFiles/webserver.dir/C_/Users/dougl/.pico-sdk/sdk/1.5.1/src/rp2_common/pico_platform/platform.c.obj
                0x1000070c                running_on_fpga
 .text.hw_claim_lock
                0x1000071c       0x18 CMakeFiles/webserver.dir/C_/Users/dougl/.pico-sdk/sdk/1.5.1/src/rp2_common/hardware_claim/claim.c.obj
                0x1000071c                hw_claim_lock
 .text.hw_claim_unlock
                0x10000734       0x14 CMakeFiles/webserver.dir/C_/Users/dougl/.pico-sdk/sdk/1.5.1/src/rp2_common/hardware_claim/claim.c.obj
                0x10000734                hw_claim_unlock
 .text.hw_claim_or_assert
                0x10000748       0x44 CMakeFiles/webserver.dir/C_/Users/dougl/.pico-sdk/sdk/1.5.1/src/rp2_common/hardware_claim/claim.c.obj
                0x10000748                hw_claim_or_assert
 .text.hw_claim_unused_from_range
                0x1000078c       0x9c CMakeFiles/webserver.dir/C_/Users/dougl/.pico-sdk/sdk/1.5.1/src/rp2_common/hardware_claim/claim.c.obj
                0x1000078c                hw_claim_unused_from_range
 .text.hw_claim_clear
                0x10000828       0x38 CMakeFiles/webserver.dir/C_/Users/dougl/.pico-sdk/sdk/1.5.1/src/rp2_common/hardware_claim/claim.c.obj
                0x10000828                hw_claim_clear
 .text.spin_locks_reset
                0x10000860       0x1c CMakeFiles/webserver.dir/C_/Users/dougl/.pico-sdk/sdk/1.5.1/src/rp2_common/hardware_sync/sync.c.obj
                0x10000860                spin_locks_reset
 .text.next_striped_spin_lock_num
                0x1000087c       0x18 CMakeFiles/webserver.dir/C_/Users/dougl/.pico-sdk/sdk/1.5.1/src/rp2_common/hardware_sync/sync.c.obj
                0x1000087c                next_striped_spin_lock_num
 .text.spin_lock_claim_unused
                0x10000894       0x24 CMakeFiles/webserver.dir/C_/Users/dougl/.pico-sdk/sdk/1.5.1/src/rp2_common/hardware_sync/sync.c.obj
                0x10000894                spin_lock_claim_unused
 .text.irq_set_enabled
                0x100008b8       0x24 CMakeFiles/webserver.dir/C_/Users/dougl/.pico-sdk/sdk/1.5.1/src/rp2_common/hardware_irq/irq.c.obj
                0x100008b8                irq_set_enabled
 .text.irq_set_pending
                0x100008dc       0x10 CMakeFiles/webserver.dir/C_/Users/dougl/.pico-sdk/sdk/1.5.1/src/rp2_common/hardware_irq/irq.c.obj
                0x100008dc                irq_set_pending
 .text.irq_has_shared_handler
                0x100008ec       0x2c CMakeFiles/webserver.dir/C_/Users/dougl/.pico-sdk/sdk/1.5.1/src/rp2_common/hardware_irq/irq.c.obj
                0x100008ec                irq_has_shared_handler
 .text.irq_get_vtable_handler
                0x10000918       0x10 CMakeFiles/webserver.dir/C_/Users/dougl/.pico-sdk/sdk/1.5.1/src/rp2_common/hardware_irq/irq.c.obj
                0x10000918                irq_get_vtable_handler
 .text.irq_set_exclusive_handler
                0x10000928       0x54 CMakeFiles/webserver.dir/C_/Users/dougl/.pico-sdk/sdk/1.5.1/src/rp2_common/hardware_irq/irq.c.obj
                0x10000928                irq_set_exclusive_handler
 .text.irq_add_shared_handler
                0x1000097c      0x1f4 CMakeFiles/webserver.dir/C_/Users/dougl/.pico-sdk/sdk/1.5.1/src/rp2_common/hardware_irq/irq.c.obj
                0x1000097c                irq_add_shared_handler
 .text.irq_remove_handler
                0x10000b70      0x1c4 CMakeFiles/webserver.dir/C_/Users/dougl/.pico-sdk/sdk/1.5.1/src/rp2_common/hardware_irq/irq.c.obj
                0x10000b70                irq_remove_handler
 .text.irq_set_priority
                0x10000d34       0x28 CMakeFiles/webserver.dir/C_/Users/dougl/.pico-sdk/sdk/1.5.1/src/rp2_common/hardware_irq/irq.c.obj
                0x10000d34                irq_set_priority
 .text.irq_add_tail_to_free_list
                0x10000d5c       0xb4 CMakeFiles/webserver.dir/C_/Users/dougl/.pico-sdk/sdk/1.5.1/src/rp2_common/hardware_irq/irq.c.obj
                0x10000d5c                irq_add_tail_to_free_list
 .text.irq_init_priorities
                0x10000e10       0x24 CMakeFiles/webserver.dir/C_/Users/dougl/.pico-sdk/sdk/1.5.1/src/rp2_common/hardware_irq/irq.c.obj
                0x10000e10                irq_init_priorities
 .text.user_irq_unclaim
                0x10000e34       0x14 CMakeFiles/webserver.dir/C_/Users/dougl/.pico-sdk/sdk/1.5.1/src/rp2_common/hardware_irq/irq.c.obj
                0x10000e34                user_irq_unclaim
 .text.user_irq_claim_unused
                0x10000e48       0x2c CMakeFiles/webserver.dir/C_/Users/dougl/.pico-sdk/sdk/1.5.1/src/rp2_common/hardware_irq/irq.c.obj
                0x10000e48                user_irq_claim_unused
 .text.sem_init
                0x10000e74       0x20 CMakeFiles/webserver.dir/C_/Users/dougl/.pico-sdk/sdk/1.5.1/src/common/pico_sync/sem.c.obj
                0x10000e74                sem_init
 .text.lock_init
                0x10000e94       0x10 CMakeFiles/webserver.dir/C_/Users/dougl/.pico-sdk/sdk/1.5.1/src/common/pico_sync/lock_core.c.obj
                0x10000e94                lock_init
 .text.mutex_init
                0x10000ea4       0x1c CMakeFiles/webserver.dir/C_/Users/dougl/.pico-sdk/sdk/1.5.1/src/common/pico_sync/mutex.c.obj
                0x10000ea4                mutex_init
 .text.recursive_mutex_init
                0x10000ec0       0x1c CMakeFiles/webserver.dir/C_/Users/dougl/.pico-sdk/sdk/1.5.1/src/common/pico_sync/mutex.c.obj
                0x10000ec0                recursive_mutex_init
 .text.critical_section_init
                0x10000edc       0x1c CMakeFiles/webserver.dir/C_/Users/dougl/.pico-sdk/sdk/1.5.1/src/common/pico_sync/critical_section.c.obj
                0x10000edc                critical_section_init
 .text.critical_section_init_with_lock_num
                0x10000ef8       0x14 CMakeFiles/webserver.dir/C_/Users/dougl/.pico-sdk/sdk/1.5.1/src/common/pico_sync/critical_section.c.obj
                0x10000ef8                critical_section_init_with_lock_num
 .text.timer_pool_entry_comparator
                0x10000f0c       0x34 CMakeFiles/webserver.dir/C_/Users/dougl/.pico-sdk/sdk/1.5.1/src/common/pico_time/time.c.obj
                0x10000f0c                timer_pool_entry_comparator
 .text.sleep_until_callback
                0x10000f40       0x30 CMakeFiles/webserver.dir/C_/Users/dougl/.pico-sdk/sdk/1.5.1/src/common/pico_time/time.c.obj
 .text.add_alarm_under_lock.isra.0
                0x10000f70      0x100 CMakeFiles/webserver.dir/C_/Users/dougl/.pico-sdk/sdk/1.5.1/src/common/pico_time/time.c.obj
 .text.alarm_pool_alarm_callback
                0x10001070      0x1c0 CMakeFiles/webserver.dir/C_/Users/dougl/.pico-sdk/sdk/1.5.1/src/common/pico_time/time.c.obj
 .text.alarm_pool_init_default
                0x10001230       0x6c CMakeFiles/webserver.dir/C_/Users/dougl/.pico-sdk/sdk/1.5.1/src/common/pico_time/time.c.obj
                0x10001230                alarm_pool_init_default
 .text.alarm_pool_get_default
                0x1000129c        0x8 CMakeFiles/webserver.dir/C_/Users/dougl/.pico-sdk/sdk/1.5.1/src/common/pico_time/time.c.obj
                0x1000129c                alarm_pool_get_default
 .text.alarm_pool_add_alarm_at
                0x100012a4      0x17c CMakeFiles/webserver.dir/C_/Users/dougl/.pico-sdk/sdk/1.5.1/src/common/pico_time/time.c.obj
                0x100012a4                alarm_pool_add_alarm_at
 .text.alarm_pool_cancel_alarm
                0x10001420       0x70 CMakeFiles/webserver.dir/C_/Users/dougl/.pico-sdk/sdk/1.5.1/src/common/pico_time/time.c.obj
                0x10001420                alarm_pool_cancel_alarm
 .text.alarm_pool_core_num
                0x10001490        0x4 CMakeFiles/webserver.dir/C_/Users/dougl/.pico-sdk/sdk/1.5.1/src/common/pico_time/time.c.obj
                0x10001490                alarm_pool_core_num
 .text.sleep_until
                0x10001494       0xc4 CMakeFiles/webserver.dir/C_/Users/dougl/.pico-sdk/sdk/1.5.1/src/common/pico_time/time.c.obj
                0x10001494                sleep_until
 .text.sleep_ms
                0x10001558       0x38 CMakeFiles/webserver.dir/C_/Users/dougl/.pico-sdk/sdk/1.5.1/src/common/pico_time/time.c.obj
                0x10001558                sleep_ms
 .text.best_effort_wfe_or_timeout
                0x10001590       0xcc CMakeFiles/webserver.dir/C_/Users/dougl/.pico-sdk/sdk/1.5.1/src/common/pico_time/time.c.obj
                0x10001590                best_effort_wfe_or_timeout
 .text.hardware_alarm_irq_handler
                0x1000165c       0xbc CMakeFiles/webserver.dir/C_/Users/dougl/.pico-sdk/sdk/1.5.1/src/rp2_common/hardware_timer/timer.c.obj
 .text.hardware_alarm_claim
                0x10001718       0x18 CMakeFiles/webserver.dir/C_/Users/dougl/.pico-sdk/sdk/1.5.1/src/rp2_common/hardware_timer/timer.c.obj
                0x10001718                hardware_alarm_claim
 .text.time_us_64
                0x10001730       0x14 CMakeFiles/webserver.dir/C_/Users/dougl/.pico-sdk/sdk/1.5.1/src/rp2_common/hardware_timer/timer.c.obj
                0x10001730                time_us_64
 .text.busy_wait_until
                0x10001744       0x20 CMakeFiles/webserver.dir/C_/Users/dougl/.pico-sdk/sdk/1.5.1/src/rp2_common/hardware_timer/timer.c.obj
                0x10001744                busy_wait_until
 .text.hardware_alarm_set_callback
                0x10001764       0x8c CMakeFiles/webserver.dir/C_/Users/dougl/.pico-sdk/sdk/1.5.1/src/rp2_common/hardware_timer/timer.c.obj
                0x10001764                hardware_alarm_set_callback
 .text.hardware_alarm_set_target
                0x100017f0       0xd0 CMakeFiles/webserver.dir/C_/Users/dougl/.pico-sdk/sdk/1.5.1/src/rp2_common/hardware_timer/timer.c.obj
                0x100017f0                hardware_alarm_set_target
 .text.hardware_alarm_cancel
                0x100018c0       0x3c CMakeFiles/webserver.dir/C_/Users/dougl/.pico-sdk/sdk/1.5.1/src/rp2_common/hardware_timer/timer.c.obj
                0x100018c0                hardware_alarm_cancel
 .text.ph_merge_nodes
                0x100018fc       0x58 CMakeFiles/webserver.dir/C_/Users/dougl/.pico-sdk/sdk/1.5.1/src/common/pico_util/pheap.c.obj
 .text.ph_post_alloc_init
                0x10001954       0x3c CMakeFiles/webserver.dir/C_/Users/dougl/.pico-sdk/sdk/1.5.1/src/common/pico_util/pheap.c.obj
                0x10001954                ph_post_alloc_init
 .text.ph_merge_two_pass
                0x10001990       0x8c CMakeFiles/webserver.dir/C_/Users/dougl/.pico-sdk/sdk/1.5.1/src/common/pico_util/pheap.c.obj
                0x10001990                ph_merge_two_pass
 .text.ph_remove_any_head
                0x10001a1c      0x100 CMakeFiles/webserver.dir/C_/Users/dougl/.pico-sdk/sdk/1.5.1/src/common/pico_util/pheap.c.obj
 .text.ph_remove_head
                0x10001b1c      0x104 CMakeFiles/webserver.dir/C_/Users/dougl/.pico-sdk/sdk/1.5.1/src/common/pico_util/pheap.c.obj
                0x10001b1c                ph_remove_head
 .text.ph_remove_and_free_node
                0x10001c20       0x78 CMakeFiles/webserver.dir/C_/Users/dougl/.pico-sdk/sdk/1.5.1/src/common/pico_util/pheap.c.obj
                0x10001c20                ph_remove_and_free_node
 .text.clocks_init
                0x10001c98      0x2c8 CMakeFiles/webserver.dir/C_/Users/dougl/.pico-sdk/sdk/1.5.1/src/rp2_common/hardware_clocks/clocks.c.obj
                0x10001c98                clocks_init
 .text.clock_get_hz
                0x10001f60        0xc CMakeFiles/webserver.dir/C_/Users/dougl/.pico-sdk/sdk/1.5.1/src/rp2_common/hardware_clocks/clocks.c.obj
                0x10001f60                clock_get_hz
 .text.pll_init
                0x10001f6c       0xa4 CMakeFiles/webserver.dir/C_/Users/dougl/.pico-sdk/sdk/1.5.1/src/rp2_common/hardware_pll/pll.c.obj
                0x10001f6c                pll_init
 .text.watchdog_start_tick
                0x10002010       0x10 CMakeFiles/webserver.dir/C_/Users/dougl/.pico-sdk/sdk/1.5.1/src/rp2_common/hardware_watchdog/watchdog.c.obj
                0x10002010                watchdog_start_tick
 .text.watchdog_reboot
                0x10002020       0x9c CMakeFiles/webserver.dir/C_/Users/dougl/.pico-sdk/sdk/1.5.1/src/rp2_common/hardware_watchdog/watchdog.c.obj
                0x10002020                watchdog_reboot
 .text.xosc_init
                0x100020bc       0x28 CMakeFiles/webserver.dir/C_/Users/dougl/.pico-sdk/sdk/1.5.1/src/rp2_common/hardware_xosc/xosc.c.obj
                0x100020bc                xosc_init
 .text.runtime_init
                0x100020e4       0xf0 CMakeFiles/webserver.dir/C_/Users/dougl/.pico-sdk/sdk/1.5.1/src/rp2_common/pico_runtime/runtime.c.obj
                0x100020e4                runtime_init
 .text._exit    0x100021d4        0x4 CMakeFiles/webserver.dir/C_/Users/dougl/.pico-sdk/sdk/1.5.1/src/rp2_common/pico_runtime/runtime.c.obj
                0x100021d4                _exit
 .text._sbrk    0x100021d8       0x34 CMakeFiles/webserver.dir/C_/Users/dougl/.pico-sdk/sdk/1.5.1/src/rp2_common/pico_runtime/runtime.c.obj
                0x100021d8                _sbrk
 .text.exit     0x1000220c        0x8 CMakeFiles/webserver.dir/C_/Users/dougl/.pico-sdk/sdk/1.5.1/src/rp2_common/pico_runtime/runtime.c.obj
                0x1000220c                exit
 .text.panic    0x10002214       0x30 CMakeFiles/webserver.dir/C_/Users/dougl/.pico-sdk/sdk/1.5.1/src/rp2_common/pico_runtime/runtime.c.obj
                0x10002214                panic
 .text.hard_assertion_failure
                0x10002244        0xc CMakeFiles/webserver.dir/C_/Users/dougl/.pico-sdk/sdk/1.5.1/src/rp2_common/pico_runtime/runtime.c.obj
                0x10002244                hard_assertion_failure
 .text._out_buffer
                0x10002250        0x8 CMakeFiles/webserver.dir/C_/Users/dougl/.pico-sdk/sdk/1.5.1/src/rp2_common/pico_printf/printf.c.obj
 .text._out_null
                0x10002258        0x4 CMakeFiles/webserver.dir/C_/Users/dougl/.pico-sdk/sdk/1.5.1/src/rp2_common/pico_printf/printf.c.obj
 .text._out_rev
                0x1000225c       0xac CMakeFiles/webserver.dir/C_/Users/dougl/.pico-sdk/sdk/1.5.1/src/rp2_common/pico_printf/printf.c.obj
 .text._ntoa_format
                0x10002308      0x250 CMakeFiles/webserver.dir/C_/Users/dougl/.pico-sdk/sdk/1.5.1/src/rp2_common/pico_printf/printf.c.obj
 .text._out_char
                0x10002558       0x10 CMakeFiles/webserver.dir/C_/Users/dougl/.pico-sdk/sdk/1.5.1/src/rp2_common/pico_printf/printf.c.obj
 .text._out_fct
                0x10002568       0x10 CMakeFiles/webserver.dir/C_/Users/dougl/.pico-sdk/sdk/1.5.1/src/rp2_common/pico_printf/printf.c.obj
 .text._etoa    0x10002578      0x464 CMakeFiles/webserver.dir/C_/Users/dougl/.pico-sdk/sdk/1.5.1/src/rp2_common/pico_printf/printf.c.obj
 .text._ftoa    0x100029dc      0x3c0 CMakeFiles/webserver.dir/C_/Users/dougl/.pico-sdk/sdk/1.5.1/src/rp2_common/pico_printf/printf.c.obj
 .text._vsnprintf
                0x10002d9c      0xbc8 CMakeFiles/webserver.dir/C_/Users/dougl/.pico-sdk/sdk/1.5.1/src/rp2_common/pico_printf/printf.c.obj
 .text.__wrap_snprintf
                0x10003964       0x28 CMakeFiles/webserver.dir/C_/Users/dougl/.pico-sdk/sdk/1.5.1/src/rp2_common/pico_printf/printf.c.obj
                0x10003964                __wrap_snprintf
 .text.vfctprintf
                0x1000398c       0x20 CMakeFiles/webserver.dir/C_/Users/dougl/.pico-sdk/sdk/1.5.1/src/rp2_common/pico_printf/printf.c.obj
                0x1000398c                vfctprintf
 .text.weak_raw_vprintf
                0x100039ac       0x30 CMakeFiles/webserver.dir/C_/Users/dougl/.pico-sdk/sdk/1.5.1/src/rp2_common/pico_printf/printf.c.obj
                0x100039ac                weak_raw_vprintf
 .text          0x100039dc       0x10 CMakeFiles/webserver.dir/C_/Users/dougl/.pico-sdk/sdk/1.5.1/src/rp2_common/pico_bit_ops/bit_ops_aeabi.S.obj
 .text.ctzsi    0x100039ec        0xc CMakeFiles/webserver.dir/C_/Users/dougl/.pico-sdk/sdk/1.5.1/src/rp2_common/pico_bit_ops/bit_ops_aeabi.S.obj
                0x100039ec                __wrap___ctzsi2
 .text.rom_func_lookup
                0x100039f8       0x10 CMakeFiles/webserver.dir/C_/Users/dougl/.pico-sdk/sdk/1.5.1/src/rp2_common/pico_bootrom/bootrom.c.obj
                0x100039f8                rom_func_lookup
 .text.rom_data_lookup
                0x10003a08       0x10 CMakeFiles/webserver.dir/C_/Users/dougl/.pico-sdk/sdk/1.5.1/src/rp2_common/pico_bootrom/bootrom.c.obj
                0x10003a08                rom_data_lookup
 .text.rom_funcs_lookup
                0x10003a18       0x44 CMakeFiles/webserver.dir/C_/Users/dougl/.pico-sdk/sdk/1.5.1/src/rp2_common/pico_bootrom/bootrom.c.obj
                0x10003a18                rom_funcs_lookup
 .text.__wrap___aeabi_idiv
                0x10003a5c       0x50 CMakeFiles/webserver.dir/C_/Users/dougl/.pico-sdk/sdk/1.5.1/src/rp2_common/pico_divider/divider.S.obj
                0x10003a5c                __wrap___aeabi_idivmod
                0x10003a5c                divmod_s32s32
                0x10003a5c                div_s32s32
                0x10003a5c                __wrap___aeabi_idiv
                0x10003a64                divmod_s32s32_unsafe
                0x10003a90                divmod_s32s32_savestate
 .text.__wrap___aeabi_uidiv
                0x10003aac       0x4c CMakeFiles/webserver.dir/C_/Users/dougl/.pico-sdk/sdk/1.5.1/src/rp2_common/pico_divider/divider.S.obj
                0x10003aac                __wrap___aeabi_uidiv
                0x10003aac                __wrap___aeabi_uidivmod
                0x10003aac                div_u32u32
                0x10003aac                divmod_u32u32
                0x10003ab4                divmod_u32u32_unsafe
                0x10003adc                divmod_u32u32_savestate
 .text.__wrap___aeabi_ldiv
                0x10003af8      0x424 CMakeFiles/webserver.dir/C_/Users/dougl/.pico-sdk/sdk/1.5.1/src/rp2_common/pico_divider/divider.S.obj
                0x10003af8                div_s64s64
                0x10003af8                divmod_s64s64
                0x10003af8                __wrap___aeabi_ldivmod
                0x10003b28                divmod_u64u64
                0x10003b28                div_u64u64
                0x10003b28                __wrap___aeabi_uldivmod
                0x10003b38                divmod_u64u64_savestate
                0x10003b58                divmod_s64s64_unsafe
                0x10003be0                divmod_u64u64_unsafe
 .text.__wrap___aeabi_darithmetic
                0x10003f1c       0x60 CMakeFiles/webserver.dir/C_/Users/dougl/.pico-sdk/sdk/1.5.1/src/rp2_common/pico_double/double_aeabi.S.obj
                0x10003f1c                __wrap___aeabi_drsub
                0x10003f22                __wrap___aeabi_dsub
                0x10003f2c                __wrap___aeabi_dadd
                0x10003f36                __wrap___aeabi_ddiv
                0x10003f6a                __wrap___aeabi_dmul
 .text.__wrap___aeabi_cdcmple
                0x10003f7c       0x6c CMakeFiles/webserver.dir/C_/Users/dougl/.pico-sdk/sdk/1.5.1/src/rp2_common/pico_double/double_aeabi.S.obj
                0x10003f7c                __wrap___aeabi_cdrcmple
                0x10003f8c                __wrap___aeabi_cdcmpeq
                0x10003f8c                __wrap___aeabi_cdcmple
 .text.__wrap___aeabi_dcmplt
                0x10003fe8        0xc CMakeFiles/webserver.dir/C_/Users/dougl/.pico-sdk/sdk/1.5.1/src/rp2_common/pico_double/double_aeabi.S.obj
                0x10003fe8                __wrap___aeabi_dcmplt
 .text.__wrap___aeabi_dcmpge
                0x10003ff4       0x10 CMakeFiles/webserver.dir/C_/Users/dougl/.pico-sdk/sdk/1.5.1/src/rp2_common/pico_double/double_aeabi.S.obj
                0x10003ff4                __wrap___aeabi_dcmpge
 .text.__wrap___aeabi_dcmpgt
                0x10004004        0xa CMakeFiles/webserver.dir/C_/Users/dougl/.pico-sdk/sdk/1.5.1/src/rp2_common/pico_double/double_aeabi.S.obj
                0x10004004                __wrap___aeabi_dcmpgt
 .text.__wrap___aeabi_dcmpun
                0x1000400e       0x1c CMakeFiles/webserver.dir/C_/Users/dougl/.pico-sdk/sdk/1.5.1/src/rp2_common/pico_double/double_aeabi.S.obj
                0x1000400e                __wrap___aeabi_dcmpun
 *fill*         0x1000402a        0x2 
 .text.__wrap___aeabi_i2d
                0x1000402c       0x38 CMakeFiles/webserver.dir/C_/Users/dougl/.pico-sdk/sdk/1.5.1/src/rp2_common/pico_double/double_aeabi.S.obj
                0x1000402c                __wrap___aeabi_ui2d
                0x10004034                __wrap___aeabi_i2d
 .text.__wrap___aeabi_d2iz
                0x10004064       0x48 CMakeFiles/webserver.dir/C_/Users/dougl/.pico-sdk/sdk/1.5.1/src/rp2_common/pico_double/double_aeabi.S.obj
                0x10004064                double2int_z
                0x10004064                __wrap___aeabi_d2iz
 .text.__wrap___aeabi_d2uiz
                0x100040ac       0x10 CMakeFiles/webserver.dir/C_/Users/dougl/.pico-sdk/sdk/1.5.1/src/rp2_common/pico_double/double_aeabi.S.obj
                0x100040ac                __wrap___aeabi_d2uiz
                0x100040ac                double2uint
 .text.missing_double_func_shim
                0x100040bc        0xc CMakeFiles/webserver.dir/C_/Users/dougl/.pico-sdk/sdk/1.5.1/src/rp2_common/pico_double/double_init_rom.c.obj
 .text.__aeabi_double_init
                0x100040c8       0x94 CMakeFiles/webserver.dir/C_/Users/dougl/.pico-sdk/sdk/1.5.1/src/rp2_common/pico_double/double_init_rom.c.obj
                0x100040c8                __aeabi_double_init
 .text.double_table_shim_on_use_helper
                0x1000415c       0x2c CMakeFiles/webserver.dir/C_/Users/dougl/.pico-sdk/sdk/1.5.1/src/rp2_common/pico_double/double_v1_rom_shim.S.obj
                0x1000415c                double_table_shim_on_use_helper
 .text.__aeabi_lmul
                0x10004188       0x32 CMakeFiles/webserver.dir/C_/Users/dougl/.pico-sdk/sdk/1.5.1/src/rp2_common/pico_int64_ops/pico_int64_ops_aeabi.S.obj
                0x10004188                __wrap___aeabi_lmul
 *fill*         0x100041ba        0x2 
 .text.missing_float_func_shim
                0x100041bc        0xc CMakeFiles/webserver.dir/C_/Users/dougl/.pico-sdk/sdk/1.5.1/src/rp2_common/pico_float/float_init_rom.c.obj
 .text.__aeabi_float_init
                0x100041c8       0x5c CMakeFiles/webserver.dir/C_/Users/dougl/.pico-sdk/sdk/1.5.1/src/rp2_common/pico_float/float_init_rom.c.obj
                0x100041c8                __aeabi_float_init
 .text.__wrap_malloc
                0x10004224       0x24 CMakeFiles/webserver.dir/C_/Users/dougl/.pico-sdk/sdk/1.5.1/src/rp2_common/pico_malloc/pico_malloc.c.obj
                0x10004224                __wrap_malloc
 .text.__wrap_free
                0x10004248        0x8 CMakeFiles/webserver.dir/C_/Users/dougl/.pico-sdk/sdk/1.5.1/src/rp2_common/pico_malloc/pico_malloc.c.obj
                0x10004248                __wrap_free
 .text          0x10004250       0x10 CMakeFiles/webserver.dir/C_/Users/dougl/.pico-sdk/sdk/1.5.1/src/rp2_common/pico_mem_ops/mem_ops_aeabi.S.obj
                0x10004250                __aeabi_mem_init
 .text.memset   0x10004260        0xc CMakeFiles/webserver.dir/C_/Users/dougl/.pico-sdk/sdk/1.5.1/src/rp2_common/pico_mem_ops/mem_ops_aeabi.S.obj
                0x10004260                __wrap_memset
 .text.memcpy   0x1000426c        0xc CMakeFiles/webserver.dir/C_/Users/dougl/.pico-sdk/sdk/1.5.1/src/rp2_common/pico_mem_ops/mem_ops_aeabi.S.obj
                0x1000426c                __wrap_memcpy
                0x1000426c                __wrap___aeabi_memcpy
 .text.stdio_out_chars_crlf
                0x10004278       0x94 CMakeFiles/webserver.dir/C_/Users/dougl/.pico-sdk/sdk/1.5.1/src/rp2_common/pico_stdio/stdio.c.obj
 .text.stdio_buffered_printer
                0x1000430c       0x64 CMakeFiles/webserver.dir/C_/Users/dougl/.pico-sdk/sdk/1.5.1/src/rp2_common/pico_stdio/stdio.c.obj
 .text.__wrap_putchar
                0x10004370       0x98 CMakeFiles/webserver.dir/C_/Users/dougl/.pico-sdk/sdk/1.5.1/src/rp2_common/pico_stdio/stdio.c.obj
                0x10004370                __wrap_putchar
 .text.__wrap_puts
                0x10004408       0xe0 CMakeFiles/webserver.dir/C_/Users/dougl/.pico-sdk/sdk/1.5.1/src/rp2_common/pico_stdio/stdio.c.obj
                0x10004408                __wrap_puts
 .text.stdio_set_driver_enabled
                0x100044e8       0x30 CMakeFiles/webserver.dir/C_/Users/dougl/.pico-sdk/sdk/1.5.1/src/rp2_common/pico_stdio/stdio.c.obj
                0x100044e8                stdio_set_driver_enabled
 .text.__wrap_vprintf
                0x10004518       0xd4 CMakeFiles/webserver.dir/C_/Users/dougl/.pico-sdk/sdk/1.5.1/src/rp2_common/pico_stdio/stdio.c.obj
                0x10004518                __wrap_vprintf
 .text.__wrap_printf
                0x100045ec       0x18 CMakeFiles/webserver.dir/C_/Users/dougl/.pico-sdk/sdk/1.5.1/src/rp2_common/pico_stdio/stdio.c.obj
                0x100045ec                __wrap_printf
 .text.stdio_init_all
                0x10004604        0x8 CMakeFiles/webserver.dir/C_/Users/dougl/.pico-sdk/sdk/1.5.1/src/rp2_common/pico_stdio/stdio.c.obj
                0x10004604                stdio_init_all
 .text.resetd_init
                0x1000460c        0x4 CMakeFiles/webserver.dir/C_/Users/dougl/.pico-sdk/sdk/1.5.1/src/rp2_common/pico_stdio_usb/reset_interface.c.obj
 .text.resetd_reset
                0x10004610        0xc CMakeFiles/webserver.dir/C_/Users/dougl/.pico-sdk/sdk/1.5.1/src/rp2_common/pico_stdio_usb/reset_interface.c.obj
 .text.resetd_open
                0x1000461c       0x28 CMakeFiles/webserver.dir/C_/Users/dougl/.pico-sdk/sdk/1.5.1/src/rp2_common/pico_stdio_usb/reset_interface.c.obj
 .text.resetd_xfer_cb
                0x10004644        0x4 CMakeFiles/webserver.dir/C_/Users/dougl/.pico-sdk/sdk/1.5.1/src/rp2_common/pico_stdio_usb/reset_interface.c.obj
 .text.resetd_control_xfer_cb
                0x10004648       0x60 CMakeFiles/webserver.dir/C_/Users/dougl/.pico-sdk/sdk/1.5.1/src/rp2_common/pico_stdio_usb/reset_interface.c.obj
 .text.usbd_app_driver_get_cb
                0x100046a8        0xc CMakeFiles/webserver.dir/C_/Users/dougl/.pico-sdk/sdk/1.5.1/src/rp2_common/pico_stdio_usb/reset_interface.c.obj
                0x100046a8                usbd_app_driver_get_cb
 .text.tud_cdc_line_coding_cb
                0x100046b4       0x34 CMakeFiles/webserver.dir/C_/Users/dougl/.pico-sdk/sdk/1.5.1/src/rp2_common/pico_stdio_usb/reset_interface.c.obj
                0x100046b4                tud_cdc_line_coding_cb
 .text.stdio_usb_set_chars_available_callback
                0x100046e8       0x14 CMakeFiles/webserver.dir/C_/Users/dougl/.pico-sdk/sdk/1.5.1/src/rp2_common/pico_stdio_usb/stdio_usb.c.obj
                0x100046e8                stdio_usb_set_chars_available_callback
 .text.usb_irq  0x100046fc       0x10 CMakeFiles/webserver.dir/C_/Users/dougl/.pico-sdk/sdk/1.5.1/src/rp2_common/pico_stdio_usb/stdio_usb.c.obj
 .text.timer_task
                0x1000470c       0x54 CMakeFiles/webserver.dir/C_/Users/dougl/.pico-sdk/sdk/1.5.1/src/rp2_common/pico_stdio_usb/stdio_usb.c.obj
 .text.stdio_usb_in_chars
                0x10004760       0x90 CMakeFiles/webserver.dir/C_/Users/dougl/.pico-sdk/sdk/1.5.1/src/rp2_common/pico_stdio_usb/stdio_usb.c.obj
                0x10004760                stdio_usb_in_chars
 .text.stdio_usb_out_chars
                0x100047f0      0x104 CMakeFiles/webserver.dir/C_/Users/dougl/.pico-sdk/sdk/1.5.1/src/rp2_common/pico_stdio_usb/stdio_usb.c.obj
 .text.low_priority_worker_irq
                0x100048f4       0xa8 CMakeFiles/webserver.dir/C_/Users/dougl/.pico-sdk/sdk/1.5.1/src/rp2_common/pico_stdio_usb/stdio_usb.c.obj
 .text.tud_cdc_rx_cb
                0x1000499c       0x20 CMakeFiles/webserver.dir/C_/Users/dougl/.pico-sdk/sdk/1.5.1/src/rp2_common/pico_stdio_usb/stdio_usb.c.obj
                0x1000499c                tud_cdc_rx_cb
 .text.stdio_usb_init
                0x100049bc       0xe0 CMakeFiles/webserver.dir/C_/Users/dougl/.pico-sdk/sdk/1.5.1/src/rp2_common/pico_stdio_usb/stdio_usb.c.obj
                0x100049bc                stdio_usb_init
 .text.tud_descriptor_device_cb
                0x10004a9c        0x8 CMakeFiles/webserver.dir/C_/Users/dougl/.pico-sdk/sdk/1.5.1/src/rp2_common/pico_stdio_usb/stdio_usb_descriptors.c.obj
                0x10004a9c                tud_descriptor_device_cb
 .text.tud_descriptor_configuration_cb
                0x10004aa4        0x8 CMakeFiles/webserver.dir/C_/Users/dougl/.pico-sdk/sdk/1.5.1/src/rp2_common/pico_stdio_usb/stdio_usb_descriptors.c.obj
                0x10004aa4                tud_descriptor_configuration_cb
 .text.tud_descriptor_string_cb
                0x10004aac       0x78 CMakeFiles/webserver.dir/C_/Users/dougl/.pico-sdk/sdk/1.5.1/src/rp2_common/pico_stdio_usb/stdio_usb_descriptors.c.obj
                0x10004aac                tud_descriptor_string_cb
 .text.startup._retrieve_unique_id_on_boot
                0x10004b24       0x10 CMakeFiles/webserver.dir/C_/Users/dougl/.pico-sdk/sdk/1.5.1/src/rp2_common/pico_unique_id/unique_id.c.obj
 .text.pico_get_unique_board_id
                0x10004b34       0x10 CMakeFiles/webserver.dir/C_/Users/dougl/.pico-sdk/sdk/1.5.1/src/rp2_common/pico_unique_id/unique_id.c.obj
                0x10004b34                pico_get_unique_board_id
 .text.pico_get_unique_board_id_string
                0x10004b44      0x1a8 CMakeFiles/webserver.dir/C_/Users/dougl/.pico-sdk/sdk/1.5.1/src/rp2_common/pico_unique_id/unique_id.c.obj
                0x10004b44                pico_get_unique_board_id_string
 .text.flash_get_unique_id
                0x10004cec       0x3c CMakeFiles/webserver.dir/C_/Users/dougl/.pico-sdk/sdk/1.5.1/src/rp2_common/hardware_flash/flash.c.obj
                0x10004cec                flash_get_unique_id
 .text.dcd_int_enable
                0x10004d28        0xc CMakeFiles/webserver.dir/C_/Users/dougl/.pico-sdk/sdk/1.5.1/lib/tinyusb/src/portable/raspberrypi/rp2040/dcd_rp2040.c.obj
                0x10004d28                dcd_int_enable
 .text.dcd_set_address
                0x10004d34       0x14 CMakeFiles/webserver.dir/C_/Users/dougl/.pico-sdk/sdk/1.5.1/lib/tinyusb/src/portable/raspberrypi/rp2040/dcd_rp2040.c.obj
                0x10004d34                dcd_set_address
 .text.dcd_connect
                0x10004d48       0x10 CMakeFiles/webserver.dir/C_/Users/dougl/.pico-sdk/sdk/1.5.1/lib/tinyusb/src/portable/raspberrypi/rp2040/dcd_rp2040.c.obj
                0x10004d48                dcd_connect
 .text.dcd_init
                0x10004d58       0x98 CMakeFiles/webserver.dir/C_/Users/dougl/.pico-sdk/sdk/1.5.1/lib/tinyusb/src/portable/raspberrypi/rp2040/dcd_rp2040.c.obj
                0x10004d58                dcd_init
 .text.dcd_edpt0_status_complete
                0x10004df0       0x1c CMakeFiles/webserver.dir/C_/Users/dougl/.pico-sdk/sdk/1.5.1/lib/tinyusb/src/portable/raspberrypi/rp2040/dcd_rp2040.c.obj
                0x10004df0                dcd_edpt0_status_complete
 .text.dcd_edpt_open
                0x10004e0c      0x108 CMakeFiles/webserver.dir/C_/Users/dougl/.pico-sdk/sdk/1.5.1/lib/tinyusb/src/portable/raspberrypi/rp2040/dcd_rp2040.c.obj
                0x10004e0c                dcd_edpt_open
 .text.dcd_edpt_close_all
                0x10004f14        0x8 CMakeFiles/webserver.dir/C_/Users/dougl/.pico-sdk/sdk/1.5.1/lib/tinyusb/src/portable/raspberrypi/rp2040/dcd_rp2040.c.obj
                0x10004f14                dcd_edpt_close_all
 .text.dcd_edpt_xfer
                0x10004f1c       0x24 CMakeFiles/webserver.dir/C_/Users/dougl/.pico-sdk/sdk/1.5.1/lib/tinyusb/src/portable/raspberrypi/rp2040/dcd_rp2040.c.obj
                0x10004f1c                dcd_edpt_xfer
 .text.dcd_edpt_stall
                0x10004f40       0x34 CMakeFiles/webserver.dir/C_/Users/dougl/.pico-sdk/sdk/1.5.1/lib/tinyusb/src/portable/raspberrypi/rp2040/dcd_rp2040.c.obj
                0x10004f40                dcd_edpt_stall
 .text.dcd_edpt_clear_stall
                0x10004f74       0x30 CMakeFiles/webserver.dir/C_/Users/dougl/.pico-sdk/sdk/1.5.1/lib/tinyusb/src/portable/raspberrypi/rp2040/dcd_rp2040.c.obj
                0x10004f74                dcd_edpt_clear_stall
 .text.rp2040_usb_init
                0x10004fa4       0x4c CMakeFiles/webserver.dir/C_/Users/dougl/.pico-sdk/sdk/1.5.1/lib/tinyusb/src/portable/raspberrypi/rp2040/rp2040_usb.c.obj
                0x10004fa4                rp2040_usb_init
 .text.hw_endpoint_xfer_start
                0x10004ff0       0x40 CMakeFiles/webserver.dir/C_/Users/dougl/.pico-sdk/sdk/1.5.1/lib/tinyusb/src/portable/raspberrypi/rp2040/rp2040_usb.c.obj
                0x10004ff0                hw_endpoint_xfer_start
 .text.tud_mounted
                0x10005030       0x10 CMakeFiles/webserver.dir/C_/Users/dougl/.pico-sdk/sdk/1.5.1/lib/tinyusb/src/device/usbd.c.obj
                0x10005030                tud_mounted
 .text.tud_suspended
                0x10005040       0x10 CMakeFiles/webserver.dir/C_/Users/dougl/.pico-sdk/sdk/1.5.1/lib/tinyusb/src/device/usbd.c.obj
                0x10005040                tud_suspended
 .text.tud_inited
                0x10005050       0x14 CMakeFiles/webserver.dir/C_/Users/dougl/.pico-sdk/sdk/1.5.1/lib/tinyusb/src/device/usbd.c.obj
                0x10005050                tud_inited
 .text.tud_init
                0x10005064       0xdc CMakeFiles/webserver.dir/C_/Users/dougl/.pico-sdk/sdk/1.5.1/lib/tinyusb/src/device/usbd.c.obj
                0x10005064                tud_init
 .text.tud_task_ext
                0x10005140      0x850 CMakeFiles/webserver.dir/C_/Users/dougl/.pico-sdk/sdk/1.5.1/lib/tinyusb/src/device/usbd.c.obj
                0x10005140                tud_task_ext
 .text.usbd_open_edpt_pair
                0x10005990       0x9c CMakeFiles/webserver.dir/C_/Users/dougl/.pico-sdk/sdk/1.5.1/lib/tinyusb/src/device/usbd.c.obj
                0x10005990                usbd_open_edpt_pair
 .text.usbd_defer_func
                0x10005a2c       0x48 CMakeFiles/webserver.dir/C_/Users/dougl/.pico-sdk/sdk/1.5.1/lib/tinyusb/src/device/usbd.c.obj
                0x10005a2c                usbd_defer_func
 .text.usbd_edpt_open
                0x10005a74       0x34 CMakeFiles/webserver.dir/C_/Users/dougl/.pico-sdk/sdk/1.5.1/lib/tinyusb/src/device/usbd.c.obj
                0x10005a74                usbd_edpt_open
 .text.usbd_edpt_claim
                0x10005aa8       0x28 CMakeFiles/webserver.dir/C_/Users/dougl/.pico-sdk/sdk/1.5.1/lib/tinyusb/src/device/usbd.c.obj
                0x10005aa8                usbd_edpt_claim
 .text.usbd_edpt_release
                0x10005ad0       0x28 CMakeFiles/webserver.dir/C_/Users/dougl/.pico-sdk/sdk/1.5.1/lib/tinyusb/src/device/usbd.c.obj
                0x10005ad0                usbd_edpt_release
 .text.usbd_edpt_xfer
                0x10005af8       0x4c CMakeFiles/webserver.dir/C_/Users/dougl/.pico-sdk/sdk/1.5.1/lib/tinyusb/src/device/usbd.c.obj
                0x10005af8                usbd_edpt_xfer
 .text.tud_control_status
                0x10005b44       0x2c CMakeFiles/webserver.dir/C_/Users/dougl/.pico-sdk/sdk/1.5.1/lib/tinyusb/src/device/usbd_control.c.obj
                0x10005b44                tud_control_status
 .text.tud_control_xfer
                0x10005b70       0xac CMakeFiles/webserver.dir/C_/Users/dougl/.pico-sdk/sdk/1.5.1/lib/tinyusb/src/device/usbd_control.c.obj
                0x10005b70                tud_control_xfer
 .text.usbd_control_reset
                0x10005c1c       0x14 CMakeFiles/webserver.dir/C_/Users/dougl/.pico-sdk/sdk/1.5.1/lib/tinyusb/src/device/usbd_control.c.obj
                0x10005c1c                usbd_control_reset
 .text.usbd_control_set_complete_callback
                0x10005c30        0xc CMakeFiles/webserver.dir/C_/Users/dougl/.pico-sdk/sdk/1.5.1/lib/tinyusb/src/device/usbd_control.c.obj
                0x10005c30                usbd_control_set_complete_callback
 .text.usbd_control_set_request
                0x10005c3c       0x1c CMakeFiles/webserver.dir/C_/Users/dougl/.pico-sdk/sdk/1.5.1/lib/tinyusb/src/device/usbd_control.c.obj
                0x10005c3c                usbd_control_set_request
 .text.usbd_control_xfer_cb
                0x10005c58       0xf4 CMakeFiles/webserver.dir/C_/Users/dougl/.pico-sdk/sdk/1.5.1/lib/tinyusb/src/device/usbd_control.c.obj
                0x10005c58                usbd_control_xfer_cb
 .text.tud_cdc_n_connected
                0x10005d4c       0x30 CMakeFiles/webserver.dir/C_/Users/dougl/.pico-sdk/sdk/1.5.1/lib/tinyusb/src/class/cdc/cdc_device.c.obj
                0x10005d4c                tud_cdc_n_connected
 .text.tud_cdc_n_available
                0x10005d7c       0x18 CMakeFiles/webserver.dir/C_/Users/dougl/.pico-sdk/sdk/1.5.1/lib/tinyusb/src/class/cdc/cdc_device.c.obj
                0x10005d7c                tud_cdc_n_available
 .text.tud_cdc_n_read
                0x10005d94       0x70 CMakeFiles/webserver.dir/C_/Users/dougl/.pico-sdk/sdk/1.5.1/lib/tinyusb/src/class/cdc/cdc_device.c.obj
                0x10005d94                tud_cdc_n_read
 .text.tud_cdc_n_write_flush
                0x10005e04       0x78 CMakeFiles/webserver.dir/C_/Users/dougl/.pico-sdk/sdk/1.5.1/lib/tinyusb/src/class/cdc/cdc_device.c.obj
                0x10005e04                tud_cdc_n_write_flush
 .text.tud_cdc_n_write
                0x10005e7c       0x34 CMakeFiles/webserver.dir/C_/Users/dougl/.pico-sdk/sdk/1.5.1/lib/tinyusb/src/class/cdc/cdc_device.c.obj
                0x10005e7c                tud_cdc_n_write
 .text.tud_cdc_n_write_available
                0x10005eb0       0x18 CMakeFiles/webserver.dir/C_/Users/dougl/.pico-sdk/sdk/1.5.1/lib/tinyusb/src/class/cdc/cdc_device.c.obj
                0x10005eb0                tud_cdc_n_write_available
 .text.cdcd_init
                0x10005ec8       0x7c CMakeFiles/webserver.dir/C_/Users/dougl/.pico-sdk/sdk/1.5.1/lib/tinyusb/src/class/cdc/cdc_device.c.obj
                0x10005ec8                cdcd_init
 .text.cdcd_reset
                0x10005f44       0x2c CMakeFiles/webserver.dir/C_/Users/dougl/.pico-sdk/sdk/1.5.1/lib/tinyusb/src/class/cdc/cdc_device.c.obj
                0x10005f44                cdcd_reset
 .text.cdcd_open
                0x10005f70       0xe4 CMakeFiles/webserver.dir/C_/Users/dougl/.pico-sdk/sdk/1.5.1/lib/tinyusb/src/class/cdc/cdc_device.c.obj
                0x10005f70                cdcd_open
 .text.cdcd_control_xfer_cb
                0x10006054       0xe4 CMakeFiles/webserver.dir/C_/Users/dougl/.pico-sdk/sdk/1.5.1/lib/tinyusb/src/class/cdc/cdc_device.c.obj
                0x10006054                cdcd_control_xfer_cb
 .text.cdcd_xfer_cb
                0x10006138      0x13c CMakeFiles/webserver.dir/C_/Users/dougl/.pico-sdk/sdk/1.5.1/lib/tinyusb/src/class/cdc/cdc_device.c.obj
                0x10006138                cdcd_xfer_cb
 .text.tusb_init
                0x10006274        0xc CMakeFiles/webserver.dir/C_/Users/dougl/.pico-sdk/sdk/1.5.1/lib/tinyusb/src/tusb.c.obj
                0x10006274                tusb_init
 .text.tusb_inited
                0x10006280        0x8 CMakeFiles/webserver.dir/C_/Users/dougl/.pico-sdk/sdk/1.5.1/lib/tinyusb/src/tusb.c.obj
                0x10006280                tusb_inited
 .text.tu_edpt_claim
                0x10006288       0x50 CMakeFiles/webserver.dir/C_/Users/dougl/.pico-sdk/sdk/1.5.1/lib/tinyusb/src/tusb.c.obj
                0x10006288                tu_edpt_claim
 .text.tu_edpt_release
                0x100062d8       0x38 CMakeFiles/webserver.dir/C_/Users/dougl/.pico-sdk/sdk/1.5.1/lib/tinyusb/src/tusb.c.obj
                0x100062d8                tu_edpt_release
 .text.tu_edpt_validate
                0x10006310       0x7c CMakeFiles/webserver.dir/C_/Users/dougl/.pico-sdk/sdk/1.5.1/lib/tinyusb/src/tusb.c.obj
                0x10006310                tu_edpt_validate
 .text.tu_edpt_bind_driver
                0x1000638c       0x34 CMakeFiles/webserver.dir/C_/Users/dougl/.pico-sdk/sdk/1.5.1/lib/tinyusb/src/tusb.c.obj
                0x1000638c                tu_edpt_bind_driver
 .text.tu_fifo_config
                0x100063c0       0x6c CMakeFiles/webserver.dir/C_/Users/dougl/.pico-sdk/sdk/1.5.1/lib/tinyusb/src/common/tusb_fifo.c.obj
                0x100063c0                tu_fifo_config
 .text.tu_fifo_count
                0x1000642c       0x2c CMakeFiles/webserver.dir/C_/Users/dougl/.pico-sdk/sdk/1.5.1/lib/tinyusb/src/common/tusb_fifo.c.obj
                0x1000642c                tu_fifo_count
 .text.tu_fifo_empty
                0x10006458       0x10 CMakeFiles/webserver.dir/C_/Users/dougl/.pico-sdk/sdk/1.5.1/lib/tinyusb/src/common/tusb_fifo.c.obj
                0x10006458                tu_fifo_empty
 .text.tu_fifo_remaining
                0x10006468       0x2c CMakeFiles/webserver.dir/C_/Users/dougl/.pico-sdk/sdk/1.5.1/lib/tinyusb/src/common/tusb_fifo.c.obj
                0x10006468                tu_fifo_remaining
 .text.tu_fifo_read
                0x10006494       0x9c CMakeFiles/webserver.dir/C_/Users/dougl/.pico-sdk/sdk/1.5.1/lib/tinyusb/src/common/tusb_fifo.c.obj
                0x10006494                tu_fifo_read
 .text.tu_fifo_read_n
                0x10006530       0xe8 CMakeFiles/webserver.dir/C_/Users/dougl/.pico-sdk/sdk/1.5.1/lib/tinyusb/src/common/tusb_fifo.c.obj
                0x10006530                tu_fifo_read_n
 .text.tu_fifo_write
                0x10006618       0xa8 CMakeFiles/webserver.dir/C_/Users/dougl/.pico-sdk/sdk/1.5.1/lib/tinyusb/src/common/tusb_fifo.c.obj
                0x10006618                tu_fifo_write
 .text.tu_fifo_write_n
                0x100066c0      0x178 CMakeFiles/webserver.dir/C_/Users/dougl/.pico-sdk/sdk/1.5.1/lib/tinyusb/src/common/tusb_fifo.c.obj
                0x100066c0                tu_fifo_write_n
 .text.tu_fifo_clear
                0x10006838       0x40 CMakeFiles/webserver.dir/C_/Users/dougl/.pico-sdk/sdk/1.5.1/lib/tinyusb/src/common/tusb_fifo.c.obj
                0x10006838                tu_fifo_clear
 .text.tu_fifo_set_overwritable
                0x10006878       0x48 CMakeFiles/webserver.dir/C_/Users/dougl/.pico-sdk/sdk/1.5.1/lib/tinyusb/src/common/tusb_fifo.c.obj
                0x10006878                tu_fifo_set_overwritable
 .text.adc_init
                0x100068c0       0x38 CMakeFiles/webserver.dir/C_/Users/dougl/.pico-sdk/sdk/1.5.1/src/rp2_common/hardware_adc/adc.c.obj
                0x100068c0                adc_init
 .text.lwip_timeout_reached
                0x100068f8        0x8 CMakeFiles/webserver.dir/C_/Users/dougl/.pico-sdk/sdk/1.5.1/src/rp2_common/pico_lwip/lwip_nosys.c.obj
 .text.update_next_timeout
                0x10006900       0x60 CMakeFiles/webserver.dir/C_/Users/dougl/.pico-sdk/sdk/1.5.1/src/rp2_common/pico_lwip/lwip_nosys.c.obj
 .text.lwip_nosys_init
                0x10006960       0x30 CMakeFiles/webserver.dir/C_/Users/dougl/.pico-sdk/sdk/1.5.1/src/rp2_common/pico_lwip/lwip_nosys.c.obj
                0x10006960                lwip_nosys_init
 .text.lwip_nosys_deinit
                0x10006990       0x20 CMakeFiles/webserver.dir/C_/Users/dougl/.pico-sdk/sdk/1.5.1/src/rp2_common/pico_lwip/lwip_nosys.c.obj
                0x10006990                lwip_nosys_deinit
 .text.sys_arch_protect
                0x100069b0        0x4 CMakeFiles/webserver.dir/C_/Users/dougl/.pico-sdk/sdk/1.5.1/src/rp2_common/pico_lwip/lwip_nosys.c.obj
                0x100069b0                sys_arch_protect
 .text.sys_arch_unprotect
                0x100069b4        0x4 CMakeFiles/webserver.dir/C_/Users/dougl/.pico-sdk/sdk/1.5.1/src/rp2_common/pico_lwip/lwip_nosys.c.obj
                0x100069b4                sys_arch_unprotect
 .text.sys_now  0x100069b8       0x20 CMakeFiles/webserver.dir/C_/Users/dougl/.pico-sdk/sdk/1.5.1/src/rp2_common/pico_lwip/lwip_nosys.c.obj
                0x100069b8                sys_now
 .text.async_context_base_add_at_time_worker
                0x100069d8       0x24 CMakeFiles/webserver.dir/C_/Users/dougl/.pico-sdk/sdk/1.5.1/src/rp2_common/pico_async_context/async_context_base.c.obj
                0x100069d8                async_context_base_add_at_time_worker
 .text.async_context_base_remove_at_time_worker
                0x100069fc       0x28 CMakeFiles/webserver.dir/C_/Users/dougl/.pico-sdk/sdk/1.5.1/src/rp2_common/pico_async_context/async_context_base.c.obj
                0x100069fc                async_context_base_remove_at_time_worker
 .text.async_context_base_add_when_pending_worker
                0x10006a24       0x24 CMakeFiles/webserver.dir/C_/Users/dougl/.pico-sdk/sdk/1.5.1/src/rp2_common/pico_async_context/async_context_base.c.obj
                0x10006a24                async_context_base_add_when_pending_worker
 .text.async_context_base_remove_when_pending_worker
                0x10006a48       0x28 CMakeFiles/webserver.dir/C_/Users/dougl/.pico-sdk/sdk/1.5.1/src/rp2_common/pico_async_context/async_context_base.c.obj
                0x10006a48                async_context_base_remove_when_pending_worker
 .text.async_context_base_execute_once
                0x10006a70      0x108 CMakeFiles/webserver.dir/C_/Users/dougl/.pico-sdk/sdk/1.5.1/src/rp2_common/pico_async_context/async_context_base.c.obj
                0x10006a70                async_context_base_execute_once
 .text.splitmix64
                0x10006b78       0x58 CMakeFiles/webserver.dir/C_/Users/dougl/.pico-sdk/sdk/1.5.1/src/rp2_common/pico_rand/rand.c.obj
 .text.xoroshiro128ss
                0x10006bd0       0x90 CMakeFiles/webserver.dir/C_/Users/dougl/.pico-sdk/sdk/1.5.1/src/rp2_common/pico_rand/rand.c.obj
 .text.get_rand_64
                0x10006c60      0x4a4 CMakeFiles/webserver.dir/C_/Users/dougl/.pico-sdk/sdk/1.5.1/src/rp2_common/pico_rand/rand.c.obj
                0x10006c60                get_rand_64
 .text.get_rand_32
                0x10007104        0x8 CMakeFiles/webserver.dir/C_/Users/dougl/.pico-sdk/sdk/1.5.1/src/rp2_common/pico_rand/rand.c.obj
                0x10007104                get_rand_32
 .text.lwip_init
                0x1000710c       0x24 CMakeFiles/webserver.dir/C_/Users/dougl/.pico-sdk/sdk/1.5.1/lib/lwip/src/core/init.c.obj
                0x1000710c                lwip_init
 .text.lwip_htons
                0x10007130        0x8 CMakeFiles/webserver.dir/C_/Users/dougl/.pico-sdk/sdk/1.5.1/lib/lwip/src/core/def.c.obj
                0x10007130                lwip_htons
 .text.lwip_htonl
                0x10007138        0x4 CMakeFiles/webserver.dir/C_/Users/dougl/.pico-sdk/sdk/1.5.1/lib/lwip/src/core/def.c.obj
                0x10007138                lwip_htonl
 .text.dns_call_found
                0x1000713c      0x184 CMakeFiles/webserver.dir/C_/Users/dougl/.pico-sdk/sdk/1.5.1/lib/lwip/src/core/dns.c.obj
 .text.dns_send.isra.0
                0x100072c0      0x174 CMakeFiles/webserver.dir/C_/Users/dougl/.pico-sdk/sdk/1.5.1/lib/lwip/src/core/dns.c.obj
 .text.dns_init
                0x10007434        0x4 CMakeFiles/webserver.dir/C_/Users/dougl/.pico-sdk/sdk/1.5.1/lib/lwip/src/core/dns.c.obj
                0x10007434                dns_init
 .text.dns_setserver
                0x10007438       0x24 CMakeFiles/webserver.dir/C_/Users/dougl/.pico-sdk/sdk/1.5.1/lib/lwip/src/core/dns.c.obj
                0x10007438                dns_setserver
 .text.dns_tmr  0x1000745c      0x140 CMakeFiles/webserver.dir/C_/Users/dougl/.pico-sdk/sdk/1.5.1/lib/lwip/src/core/dns.c.obj
                0x1000745c                dns_tmr
 .text.lwip_standard_chksum
                0x1000759c       0x88 CMakeFiles/webserver.dir/C_/Users/dougl/.pico-sdk/sdk/1.5.1/lib/lwip/src/core/inet_chksum.c.obj
                0x1000759c                lwip_standard_chksum
 .text.inet_chksum_pseudo
                0x10007624       0xbc CMakeFiles/webserver.dir/C_/Users/dougl/.pico-sdk/sdk/1.5.1/lib/lwip/src/core/inet_chksum.c.obj
                0x10007624                inet_chksum_pseudo
 .text.ip_chksum_pseudo
                0x100076e0       0x10 CMakeFiles/webserver.dir/C_/Users/dougl/.pico-sdk/sdk/1.5.1/lib/lwip/src/core/inet_chksum.c.obj
                0x100076e0                ip_chksum_pseudo
 .text.inet_chksum
                0x100076f0       0x8c CMakeFiles/webserver.dir/C_/Users/dougl/.pico-sdk/sdk/1.5.1/lib/lwip/src/core/inet_chksum.c.obj
                0x100076f0                inet_chksum
 .text.inet_chksum_pbuf
                0x1000777c       0x78 CMakeFiles/webserver.dir/C_/Users/dougl/.pico-sdk/sdk/1.5.1/lib/lwip/src/core/inet_chksum.c.obj
                0x1000777c                inet_chksum_pbuf
 .text.mem_init
                0x100077f4       0x48 CMakeFiles/webserver.dir/C_/Users/dougl/.pico-sdk/sdk/1.5.1/lib/lwip/src/core/mem.c.obj
                0x100077f4                mem_init
 .text.mem_free
                0x1000783c      0x14c CMakeFiles/webserver.dir/C_/Users/dougl/.pico-sdk/sdk/1.5.1/lib/lwip/src/core/mem.c.obj
                0x1000783c                mem_free
 .text.mem_trim
                0x10007988      0x154 CMakeFiles/webserver.dir/C_/Users/dougl/.pico-sdk/sdk/1.5.1/lib/lwip/src/core/mem.c.obj
                0x10007988                mem_trim
 .text.mem_malloc
                0x10007adc      0x160 CMakeFiles/webserver.dir/C_/Users/dougl/.pico-sdk/sdk/1.5.1/lib/lwip/src/core/mem.c.obj
                0x10007adc                mem_malloc
 .text.memp_init
                0x10007c3c       0x94 CMakeFiles/webserver.dir/C_/Users/dougl/.pico-sdk/sdk/1.5.1/lib/lwip/src/core/memp.c.obj
                0x10007c3c                memp_init
 .text.memp_malloc
                0x10007cd0       0x5c CMakeFiles/webserver.dir/C_/Users/dougl/.pico-sdk/sdk/1.5.1/lib/lwip/src/core/memp.c.obj
                0x10007cd0                memp_malloc
 .text.memp_free
                0x10007d2c       0x40 CMakeFiles/webserver.dir/C_/Users/dougl/.pico-sdk/sdk/1.5.1/lib/lwip/src/core/memp.c.obj
                0x10007d2c                memp_free
 .text.netif_null_output_ip4
                0x10007d6c        0x8 CMakeFiles/webserver.dir/C_/Users/dougl/.pico-sdk/sdk/1.5.1/lib/lwip/src/core/netif.c.obj
 .text.netif_init
                0x10007d74        0x4 CMakeFiles/webserver.dir/C_/Users/dougl/.pico-sdk/sdk/1.5.1/lib/lwip/src/core/netif.c.obj
                0x10007d74                netif_init
 .text.netif_set_addr
                0x10007d78       0xbc CMakeFiles/webserver.dir/C_/Users/dougl/.pico-sdk/sdk/1.5.1/lib/lwip/src/core/netif.c.obj
                0x10007d78                netif_set_addr
 .text.netif_add
                0x10007e34      0x130 CMakeFiles/webserver.dir/C_/Users/dougl/.pico-sdk/sdk/1.5.1/lib/lwip/src/core/netif.c.obj
                0x10007e34                netif_add
 .text.netif_remove
                0x10007f64       0x88 CMakeFiles/webserver.dir/C_/Users/dougl/.pico-sdk/sdk/1.5.1/lib/lwip/src/core/netif.c.obj
                0x10007f64                netif_remove
 .text.netif_set_default
                0x10007fec        0xc CMakeFiles/webserver.dir/C_/Users/dougl/.pico-sdk/sdk/1.5.1/lib/lwip/src/core/netif.c.obj
                0x10007fec                netif_set_default
 .text.netif_set_up
                0x10007ff8       0x14 CMakeFiles/webserver.dir/C_/Users/dougl/.pico-sdk/sdk/1.5.1/lib/lwip/src/core/netif.c.obj
                0x10007ff8                netif_set_up
 .text.netif_set_link_up
                0x1000800c       0x24 CMakeFiles/webserver.dir/C_/Users/dougl/.pico-sdk/sdk/1.5.1/lib/lwip/src/core/netif.c.obj
                0x1000800c                netif_set_link_up
 .text.netif_set_link_down
                0x10008030       0x24 CMakeFiles/webserver.dir/C_/Users/dougl/.pico-sdk/sdk/1.5.1/lib/lwip/src/core/netif.c.obj
                0x10008030                netif_set_link_down
 .text.netif_get_by_index
                0x10008054       0x2c CMakeFiles/webserver.dir/C_/Users/dougl/.pico-sdk/sdk/1.5.1/lib/lwip/src/core/netif.c.obj
                0x10008054                netif_get_by_index
 .text.pbuf_free.part.0
                0x10008080       0xa4 CMakeFiles/webserver.dir/C_/Users/dougl/.pico-sdk/sdk/1.5.1/lib/lwip/src/core/pbuf.c.obj
 .text.pbuf_free_ooseq
                0x10008124       0x34 CMakeFiles/webserver.dir/C_/Users/dougl/.pico-sdk/sdk/1.5.1/lib/lwip/src/core/pbuf.c.obj
                0x10008124                pbuf_free_ooseq
 .text.pbuf_alloc
                0x10008158      0x134 CMakeFiles/webserver.dir/C_/Users/dougl/.pico-sdk/sdk/1.5.1/lib/lwip/src/core/pbuf.c.obj
                0x10008158                pbuf_alloc
 .text.pbuf_alloced_custom
                0x1000828c       0x38 CMakeFiles/webserver.dir/C_/Users/dougl/.pico-sdk/sdk/1.5.1/lib/lwip/src/core/pbuf.c.obj
                0x1000828c                pbuf_alloced_custom
 .text.pbuf_realloc
                0x100082c4       0x8c CMakeFiles/webserver.dir/C_/Users/dougl/.pico-sdk/sdk/1.5.1/lib/lwip/src/core/pbuf.c.obj
                0x100082c4                pbuf_realloc
 .text.pbuf_add_header
                0x10008350       0x50 CMakeFiles/webserver.dir/C_/Users/dougl/.pico-sdk/sdk/1.5.1/lib/lwip/src/core/pbuf.c.obj
                0x10008350                pbuf_add_header
 .text.pbuf_remove_header
                0x100083a0       0x3c CMakeFiles/webserver.dir/C_/Users/dougl/.pico-sdk/sdk/1.5.1/lib/lwip/src/core/pbuf.c.obj
                0x100083a0                pbuf_remove_header
 .text.pbuf_header_force
                0x100083dc       0x68 CMakeFiles/webserver.dir/C_/Users/dougl/.pico-sdk/sdk/1.5.1/lib/lwip/src/core/pbuf.c.obj
                0x100083dc                pbuf_header_force
 .text.pbuf_free
                0x10008444       0x18 CMakeFiles/webserver.dir/C_/Users/dougl/.pico-sdk/sdk/1.5.1/lib/lwip/src/core/pbuf.c.obj
                0x10008444                pbuf_free
 .text.pbuf_clen
                0x1000845c       0x14 CMakeFiles/webserver.dir/C_/Users/dougl/.pico-sdk/sdk/1.5.1/lib/lwip/src/core/pbuf.c.obj
                0x1000845c                pbuf_clen
 .text.pbuf_ref
                0x10008470       0x28 CMakeFiles/webserver.dir/C_/Users/dougl/.pico-sdk/sdk/1.5.1/lib/lwip/src/core/pbuf.c.obj
                0x10008470                pbuf_ref
 .text.pbuf_cat
                0x10008498       0x44 CMakeFiles/webserver.dir/C_/Users/dougl/.pico-sdk/sdk/1.5.1/lib/lwip/src/core/pbuf.c.obj
                0x10008498                pbuf_cat
 .text.pbuf_chain
                0x100084dc       0x64 CMakeFiles/webserver.dir/C_/Users/dougl/.pico-sdk/sdk/1.5.1/lib/lwip/src/core/pbuf.c.obj
                0x100084dc                pbuf_chain
 .text.pbuf_copy_partial_pbuf
                0x10008540      0x148 CMakeFiles/webserver.dir/C_/Users/dougl/.pico-sdk/sdk/1.5.1/lib/lwip/src/core/pbuf.c.obj
                0x10008540                pbuf_copy_partial_pbuf
 .text.pbuf_copy
                0x10008688       0x18 CMakeFiles/webserver.dir/C_/Users/dougl/.pico-sdk/sdk/1.5.1/lib/lwip/src/core/pbuf.c.obj
                0x10008688                pbuf_copy
 .text.pbuf_copy_partial
                0x100086a0       0x68 CMakeFiles/webserver.dir/C_/Users/dougl/.pico-sdk/sdk/1.5.1/lib/lwip/src/core/pbuf.c.obj
                0x100086a0                pbuf_copy_partial
 .text.pbuf_take
                0x10008708       0x78 CMakeFiles/webserver.dir/C_/Users/dougl/.pico-sdk/sdk/1.5.1/lib/lwip/src/core/pbuf.c.obj
                0x10008708                pbuf_take
 .text.pbuf_take_at
                0x10008780       0xcc CMakeFiles/webserver.dir/C_/Users/dougl/.pico-sdk/sdk/1.5.1/lib/lwip/src/core/pbuf.c.obj
                0x10008780                pbuf_take_at
 .text.pbuf_clone
                0x1000884c       0x30 CMakeFiles/webserver.dir/C_/Users/dougl/.pico-sdk/sdk/1.5.1/lib/lwip/src/core/pbuf.c.obj
                0x1000884c                pbuf_clone
 .text.pbuf_put_at
                0x1000887c       0x1c CMakeFiles/webserver.dir/C_/Users/dougl/.pico-sdk/sdk/1.5.1/lib/lwip/src/core/pbuf.c.obj
                0x1000887c                pbuf_put_at
 .text.raw_input
                0x10008898      0x164 CMakeFiles/webserver.dir/C_/Users/dougl/.pico-sdk/sdk/1.5.1/lib/lwip/src/core/raw.c.obj
                0x10008898                raw_input
 .text.raw_netif_ip_addr_changed
                0x100089fc       0x40 CMakeFiles/webserver.dir/C_/Users/dougl/.pico-sdk/sdk/1.5.1/lib/lwip/src/core/raw.c.obj
                0x100089fc                raw_netif_ip_addr_changed
 .text.stats_init
                0x10008a3c        0x4 CMakeFiles/webserver.dir/C_/Users/dougl/.pico-sdk/sdk/1.5.1/lib/lwip/src/core/stats.c.obj
                0x10008a3c                stats_init
 .text.tcp_close_shutdown_fin
                0x10008a40       0x54 CMakeFiles/webserver.dir/C_/Users/dougl/.pico-sdk/sdk/1.5.1/lib/lwip/src/core/tcp.c.obj
 .text.tcp_pcb_purge.part.0
                0x10008a94       0xc4 CMakeFiles/webserver.dir/C_/Users/dougl/.pico-sdk/sdk/1.5.1/lib/lwip/src/core/tcp.c.obj
 .text.tcp_init
                0x10008b58       0x20 CMakeFiles/webserver.dir/C_/Users/dougl/.pico-sdk/sdk/1.5.1/lib/lwip/src/core/tcp.c.obj
                0x10008b58                tcp_init
 .text.tcp_free
                0x10008b78       0x1c CMakeFiles/webserver.dir/C_/Users/dougl/.pico-sdk/sdk/1.5.1/lib/lwip/src/core/tcp.c.obj
                0x10008b78                tcp_free
 .text.tcp_bind
                0x10008b94       0xf4 CMakeFiles/webserver.dir/C_/Users/dougl/.pico-sdk/sdk/1.5.1/lib/lwip/src/core/tcp.c.obj
                0x10008b94                tcp_bind
 .text.tcp_listen_with_backlog
                0x10008c88       0x98 CMakeFiles/webserver.dir/C_/Users/dougl/.pico-sdk/sdk/1.5.1/lib/lwip/src/core/tcp.c.obj
                0x10008c88                tcp_listen_with_backlog
 .text.tcp_update_rcv_ann_wnd
                0x10008d20       0x54 CMakeFiles/webserver.dir/C_/Users/dougl/.pico-sdk/sdk/1.5.1/lib/lwip/src/core/tcp.c.obj
                0x10008d20                tcp_update_rcv_ann_wnd
 .text.tcp_recved
                0x10008d74       0x90 CMakeFiles/webserver.dir/C_/Users/dougl/.pico-sdk/sdk/1.5.1/lib/lwip/src/core/tcp.c.obj
                0x10008d74                tcp_recved
 .text.tcp_slowtmr
                0x10008e04      0x520 CMakeFiles/webserver.dir/C_/Users/dougl/.pico-sdk/sdk/1.5.1/lib/lwip/src/core/tcp.c.obj
                0x10008e04                tcp_slowtmr
 .text.tcp_segs_free
                0x10009324       0x38 CMakeFiles/webserver.dir/C_/Users/dougl/.pico-sdk/sdk/1.5.1/lib/lwip/src/core/tcp.c.obj
                0x10009324                tcp_segs_free
 .text.tcp_seg_free
                0x1000935c       0x1c CMakeFiles/webserver.dir/C_/Users/dougl/.pico-sdk/sdk/1.5.1/lib/lwip/src/core/tcp.c.obj
                0x1000935c                tcp_seg_free
 .text.tcp_seg_copy
                0x10009378       0x2c CMakeFiles/webserver.dir/C_/Users/dougl/.pico-sdk/sdk/1.5.1/lib/lwip/src/core/tcp.c.obj
                0x10009378                tcp_seg_copy
 .text.tcp_recv
                0x100093a4       0x1c CMakeFiles/webserver.dir/C_/Users/dougl/.pico-sdk/sdk/1.5.1/lib/lwip/src/core/tcp.c.obj
                0x100093a4                tcp_recv
 .text.tcp_accept
                0x100093c0       0x10 CMakeFiles/webserver.dir/C_/Users/dougl/.pico-sdk/sdk/1.5.1/lib/lwip/src/core/tcp.c.obj
                0x100093c0                tcp_accept
 .text.tcp_pcb_purge
                0x100093d0       0x18 CMakeFiles/webserver.dir/C_/Users/dougl/.pico-sdk/sdk/1.5.1/lib/lwip/src/core/tcp.c.obj
                0x100093d0                tcp_pcb_purge
 .text.tcp_pcb_remove
                0x100093e8       0xc8 CMakeFiles/webserver.dir/C_/Users/dougl/.pico-sdk/sdk/1.5.1/lib/lwip/src/core/tcp.c.obj
                0x100093e8                tcp_pcb_remove
 .text.tcp_abandon
                0x100094b0      0x1a0 CMakeFiles/webserver.dir/C_/Users/dougl/.pico-sdk/sdk/1.5.1/lib/lwip/src/core/tcp.c.obj
                0x100094b0                tcp_abandon
 .text.tcp_abort
                0x10009650        0xc CMakeFiles/webserver.dir/C_/Users/dougl/.pico-sdk/sdk/1.5.1/lib/lwip/src/core/tcp.c.obj
                0x10009650                tcp_abort
 .text.tcp_accept_null
                0x1000965c       0x20 CMakeFiles/webserver.dir/C_/Users/dougl/.pico-sdk/sdk/1.5.1/lib/lwip/src/core/tcp.c.obj
 .text.tcp_alloc
                0x1000967c      0x1fc CMakeFiles/webserver.dir/C_/Users/dougl/.pico-sdk/sdk/1.5.1/lib/lwip/src/core/tcp.c.obj
                0x1000967c                tcp_alloc
 .text.tcp_new  0x10009878        0xc CMakeFiles/webserver.dir/C_/Users/dougl/.pico-sdk/sdk/1.5.1/lib/lwip/src/core/tcp.c.obj
                0x10009878                tcp_new
 .text.tcp_close_shutdown
                0x10009884      0x184 CMakeFiles/webserver.dir/C_/Users/dougl/.pico-sdk/sdk/1.5.1/lib/lwip/src/core/tcp.c.obj
 .text.tcp_recv_null
                0x10009a08       0xc4 CMakeFiles/webserver.dir/C_/Users/dougl/.pico-sdk/sdk/1.5.1/lib/lwip/src/core/tcp.c.obj
                0x10009a08                tcp_recv_null
 .text.tcp_process_refused_data
                0x10009acc       0x74 CMakeFiles/webserver.dir/C_/Users/dougl/.pico-sdk/sdk/1.5.1/lib/lwip/src/core/tcp.c.obj
                0x10009acc                tcp_process_refused_data
 .text.tcp_fasttmr
                0x10009b40       0x98 CMakeFiles/webserver.dir/C_/Users/dougl/.pico-sdk/sdk/1.5.1/lib/lwip/src/core/tcp.c.obj
                0x10009b40                tcp_fasttmr
 .text.tcp_tmr  0x10009bd8       0x20 CMakeFiles/webserver.dir/C_/Users/dougl/.pico-sdk/sdk/1.5.1/lib/lwip/src/core/tcp.c.obj
                0x10009bd8                tcp_tmr
 .text.tcp_close
                0x10009bf8      0x16c CMakeFiles/webserver.dir/C_/Users/dougl/.pico-sdk/sdk/1.5.1/lib/lwip/src/core/tcp.c.obj
                0x10009bf8                tcp_close
 .text.tcp_next_iss
                0x10009d64       0x28 CMakeFiles/webserver.dir/C_/Users/dougl/.pico-sdk/sdk/1.5.1/lib/lwip/src/core/tcp.c.obj
                0x10009d64                tcp_next_iss
 .text.tcp_eff_send_mss_netif
                0x10009d8c       0x34 CMakeFiles/webserver.dir/C_/Users/dougl/.pico-sdk/sdk/1.5.1/lib/lwip/src/core/tcp.c.obj
                0x10009d8c                tcp_eff_send_mss_netif
 .text.tcp_netif_ip_addr_changed
                0x10009dc0       0xb0 CMakeFiles/webserver.dir/C_/Users/dougl/.pico-sdk/sdk/1.5.1/lib/lwip/src/core/tcp.c.obj
                0x10009dc0                tcp_netif_ip_addr_changed
 .text.tcp_free_ooseq
                0x10009e70       0x40 CMakeFiles/webserver.dir/C_/Users/dougl/.pico-sdk/sdk/1.5.1/lib/lwip/src/core/tcp.c.obj
                0x10009e70                tcp_free_ooseq
 .text.tcp_parseopt
                0x10009eb0      0x1b8 CMakeFiles/webserver.dir/C_/Users/dougl/.pico-sdk/sdk/1.5.1/lib/lwip/src/core/tcp_in.c.obj
 .text.tcp_oos_insert_segment
                0x1000a068       0xdc CMakeFiles/webserver.dir/C_/Users/dougl/.pico-sdk/sdk/1.5.1/lib/lwip/src/core/tcp_in.c.obj
 .text.tcp_free_acked_segments.isra.0
                0x1000a144       0xdc CMakeFiles/webserver.dir/C_/Users/dougl/.pico-sdk/sdk/1.5.1/lib/lwip/src/core/tcp_in.c.obj
 .text.tcp_receive
                0x1000a220      0xa00 CMakeFiles/webserver.dir/C_/Users/dougl/.pico-sdk/sdk/1.5.1/lib/lwip/src/core/tcp_in.c.obj
 .text.tcp_input
                0x1000ac20      0xe50 CMakeFiles/webserver.dir/C_/Users/dougl/.pico-sdk/sdk/1.5.1/lib/lwip/src/core/tcp_in.c.obj
                0x1000ac20                tcp_input
 .text.tcp_trigger_input_pcb_close
                0x1000ba70       0x10 CMakeFiles/webserver.dir/C_/Users/dougl/.pico-sdk/sdk/1.5.1/lib/lwip/src/core/tcp_in.c.obj
                0x1000ba70                tcp_trigger_input_pcb_close
 .text.tcp_create_segment
                0x1000ba80       0xf8 CMakeFiles/webserver.dir/C_/Users/dougl/.pico-sdk/sdk/1.5.1/lib/lwip/src/core/tcp_out.c.obj
 .text.tcp_output_control_segment
                0x1000bb78       0xc0 CMakeFiles/webserver.dir/C_/Users/dougl/.pico-sdk/sdk/1.5.1/lib/lwip/src/core/tcp_out.c.obj
 .text.tcp_output_alloc_header.constprop.0
                0x1000bc38       0xc8 CMakeFiles/webserver.dir/C_/Users/dougl/.pico-sdk/sdk/1.5.1/lib/lwip/src/core/tcp_out.c.obj
 .text.tcp_write
                0x1000bd00      0x7ec CMakeFiles/webserver.dir/C_/Users/dougl/.pico-sdk/sdk/1.5.1/lib/lwip/src/core/tcp_out.c.obj
                0x1000bd00                tcp_write
 .text.tcp_split_unsent_seg
                0x1000c4ec      0x1b4 CMakeFiles/webserver.dir/C_/Users/dougl/.pico-sdk/sdk/1.5.1/lib/lwip/src/core/tcp_out.c.obj
                0x1000c4ec                tcp_split_unsent_seg
 .text.tcp_send_fin
                0x1000c6a0      0x118 CMakeFiles/webserver.dir/C_/Users/dougl/.pico-sdk/sdk/1.5.1/lib/lwip/src/core/tcp_out.c.obj
                0x1000c6a0                tcp_send_fin
 .text.tcp_enqueue_flags
                0x1000c7b8      0x108 CMakeFiles/webserver.dir/C_/Users/dougl/.pico-sdk/sdk/1.5.1/lib/lwip/src/core/tcp_out.c.obj
                0x1000c7b8                tcp_enqueue_flags
 .text.tcp_rexmit_rto_prepare
                0x1000c8c0       0x9c CMakeFiles/webserver.dir/C_/Users/dougl/.pico-sdk/sdk/1.5.1/lib/lwip/src/core/tcp_out.c.obj
                0x1000c8c0                tcp_rexmit_rto_prepare
 .text.tcp_rexmit
                0x1000c95c       0x9c CMakeFiles/webserver.dir/C_/Users/dougl/.pico-sdk/sdk/1.5.1/lib/lwip/src/core/tcp_out.c.obj
                0x1000c95c                tcp_rexmit
 .text.tcp_rexmit_fast
                0x1000c9f8       0x64 CMakeFiles/webserver.dir/C_/Users/dougl/.pico-sdk/sdk/1.5.1/lib/lwip/src/core/tcp_out.c.obj
                0x1000c9f8                tcp_rexmit_fast
 .text.tcp_rst  0x1000ca5c       0xe8 CMakeFiles/webserver.dir/C_/Users/dougl/.pico-sdk/sdk/1.5.1/lib/lwip/src/core/tcp_out.c.obj
                0x1000ca5c                tcp_rst
 .text.tcp_rst_netif
                0x1000cb44      0x130 CMakeFiles/webserver.dir/C_/Users/dougl/.pico-sdk/sdk/1.5.1/lib/lwip/src/core/tcp_out.c.obj
                0x1000cb44                tcp_rst_netif
 .text.tcp_send_empty_ack
                0x1000cc74       0x4c CMakeFiles/webserver.dir/C_/Users/dougl/.pico-sdk/sdk/1.5.1/lib/lwip/src/core/tcp_out.c.obj
                0x1000cc74                tcp_send_empty_ack
 .text.tcp_output
                0x1000ccc0      0x454 CMakeFiles/webserver.dir/C_/Users/dougl/.pico-sdk/sdk/1.5.1/lib/lwip/src/core/tcp_out.c.obj
                0x1000ccc0                tcp_output
 .text.tcp_rexmit_rto_commit
                0x1000d114       0x24 CMakeFiles/webserver.dir/C_/Users/dougl/.pico-sdk/sdk/1.5.1/lib/lwip/src/core/tcp_out.c.obj
                0x1000d114                tcp_rexmit_rto_commit
 .text.tcp_rexmit_rto
                0x1000d138       0xa4 CMakeFiles/webserver.dir/C_/Users/dougl/.pico-sdk/sdk/1.5.1/lib/lwip/src/core/tcp_out.c.obj
                0x1000d138                tcp_rexmit_rto
 .text.tcp_keepalive
                0x1000d1dc       0xdc CMakeFiles/webserver.dir/C_/Users/dougl/.pico-sdk/sdk/1.5.1/lib/lwip/src/core/tcp_out.c.obj
                0x1000d1dc                tcp_keepalive
 .text.tcp_zero_window_probe
                0x1000d2b8      0x110 CMakeFiles/webserver.dir/C_/Users/dougl/.pico-sdk/sdk/1.5.1/lib/lwip/src/core/tcp_out.c.obj
                0x1000d2b8                tcp_zero_window_probe
 .text.tcpip_tcp_timer
                0x1000d3c8       0x78 CMakeFiles/webserver.dir/C_/Users/dougl/.pico-sdk/sdk/1.5.1/lib/lwip/src/core/timeouts.c.obj
 .text.lwip_cyclic_timer
                0x1000d440       0x98 CMakeFiles/webserver.dir/C_/Users/dougl/.pico-sdk/sdk/1.5.1/lib/lwip/src/core/timeouts.c.obj
 .text.tcp_timer_needed
                0x1000d4d8       0x7c CMakeFiles/webserver.dir/C_/Users/dougl/.pico-sdk/sdk/1.5.1/lib/lwip/src/core/timeouts.c.obj
                0x1000d4d8                tcp_timer_needed
 .text.sys_timeouts_init
                0x1000d554       0x8c CMakeFiles/webserver.dir/C_/Users/dougl/.pico-sdk/sdk/1.5.1/lib/lwip/src/core/timeouts.c.obj
                0x1000d554                sys_timeouts_init
 .text.sys_check_timeouts
                0x1000d5e0       0x68 CMakeFiles/webserver.dir/C_/Users/dougl/.pico-sdk/sdk/1.5.1/lib/lwip/src/core/timeouts.c.obj
                0x1000d5e0                sys_check_timeouts
 .text.sys_timeouts_sleeptime
                0x1000d648       0x28 CMakeFiles/webserver.dir/C_/Users/dougl/.pico-sdk/sdk/1.5.1/lib/lwip/src/core/timeouts.c.obj
                0x1000d648                sys_timeouts_sleeptime
 .text.udp_init
                0x1000d670       0x20 CMakeFiles/webserver.dir/C_/Users/dougl/.pico-sdk/sdk/1.5.1/lib/lwip/src/core/udp.c.obj
                0x1000d670                udp_init
 .text.udp_input
                0x1000d690      0x320 CMakeFiles/webserver.dir/C_/Users/dougl/.pico-sdk/sdk/1.5.1/lib/lwip/src/core/udp.c.obj
                0x1000d690                udp_input
 .text.udp_bind
                0x1000d9b0      0x118 CMakeFiles/webserver.dir/C_/Users/dougl/.pico-sdk/sdk/1.5.1/lib/lwip/src/core/udp.c.obj
                0x1000d9b0                udp_bind
 .text.udp_sendto_if_src
                0x1000dac8      0x130 CMakeFiles/webserver.dir/C_/Users/dougl/.pico-sdk/sdk/1.5.1/lib/lwip/src/core/udp.c.obj
                0x1000dac8                udp_sendto_if_src
 .text.udp_sendto_if
                0x1000dbf8       0x48 CMakeFiles/webserver.dir/C_/Users/dougl/.pico-sdk/sdk/1.5.1/lib/lwip/src/core/udp.c.obj
                0x1000dbf8                udp_sendto_if
 .text.udp_sendto
                0x1000dc40       0x78 CMakeFiles/webserver.dir/C_/Users/dougl/.pico-sdk/sdk/1.5.1/lib/lwip/src/core/udp.c.obj
                0x1000dc40                udp_sendto
 .text.udp_connect
                0x1000dcb8       0x60 CMakeFiles/webserver.dir/C_/Users/dougl/.pico-sdk/sdk/1.5.1/lib/lwip/src/core/udp.c.obj
                0x1000dcb8                udp_connect
 .text.udp_recv
                0x1000dd18        0xc CMakeFiles/webserver.dir/C_/Users/dougl/.pico-sdk/sdk/1.5.1/lib/lwip/src/core/udp.c.obj
                0x1000dd18                udp_recv
 .text.udp_remove
                0x1000dd24       0x3c CMakeFiles/webserver.dir/C_/Users/dougl/.pico-sdk/sdk/1.5.1/lib/lwip/src/core/udp.c.obj
                0x1000dd24                udp_remove
 .text.udp_new  0x1000dd60       0x1c CMakeFiles/webserver.dir/C_/Users/dougl/.pico-sdk/sdk/1.5.1/lib/lwip/src/core/udp.c.obj
                0x1000dd60                udp_new
 .text.udp_netif_ip_addr_changed
                0x1000dd7c       0x40 CMakeFiles/webserver.dir/C_/Users/dougl/.pico-sdk/sdk/1.5.1/lib/lwip/src/core/udp.c.obj
                0x1000dd7c                udp_netif_ip_addr_changed
 .text.autoip_network_changed_link_up
                0x1000ddbc       0x20 CMakeFiles/webserver.dir/C_/Users/dougl/.pico-sdk/sdk/1.5.1/lib/lwip/src/core/ipv4/autoip.c.obj
                0x1000ddbc                autoip_network_changed_link_up
 .text.autoip_network_changed_link_down
                0x1000dddc        0x4 CMakeFiles/webserver.dir/C_/Users/dougl/.pico-sdk/sdk/1.5.1/lib/lwip/src/core/ipv4/autoip.c.obj
                0x1000dddc                autoip_network_changed_link_down
 .text.autoip_accept_packet
                0x1000dde0       0x24 CMakeFiles/webserver.dir/C_/Users/dougl/.pico-sdk/sdk/1.5.1/lib/lwip/src/core/ipv4/autoip.c.obj
                0x1000dde0                autoip_accept_packet
 .text.dhcp_create_msg
                0x1000de04      0x164 CMakeFiles/webserver.dir/C_/Users/dougl/.pico-sdk/sdk/1.5.1/lib/lwip/src/core/ipv4/dhcp.c.obj
 .text.dhcp_bind
                0x1000df68      0x154 CMakeFiles/webserver.dir/C_/Users/dougl/.pico-sdk/sdk/1.5.1/lib/lwip/src/core/ipv4/dhcp.c.obj
 .text.dhcp_inc_pcb_refcount
                0x1000e0bc       0x6c CMakeFiles/webserver.dir/C_/Users/dougl/.pico-sdk/sdk/1.5.1/lib/lwip/src/core/ipv4/dhcp.c.obj
 .text.dhcp_option_hostname.isra.0
                0x1000e128       0x84 CMakeFiles/webserver.dir/C_/Users/dougl/.pico-sdk/sdk/1.5.1/lib/lwip/src/core/ipv4/dhcp.c.obj
 .text.dhcp_handle_ack.isra.0
                0x1000e1ac       0xcc CMakeFiles/webserver.dir/C_/Users/dougl/.pico-sdk/sdk/1.5.1/lib/lwip/src/core/ipv4/dhcp.c.obj
 .text.dhcp_discover
                0x1000e278      0x140 CMakeFiles/webserver.dir/C_/Users/dougl/.pico-sdk/sdk/1.5.1/lib/lwip/src/core/ipv4/dhcp.c.obj
 .text.dhcp_reboot.isra.0
                0x1000e3b8      0x178 CMakeFiles/webserver.dir/C_/Users/dougl/.pico-sdk/sdk/1.5.1/lib/lwip/src/core/ipv4/dhcp.c.obj
 .text.dhcp_select.isra.0
                0x1000e530      0x1e0 CMakeFiles/webserver.dir/C_/Users/dougl/.pico-sdk/sdk/1.5.1/lib/lwip/src/core/ipv4/dhcp.c.obj
 .text.dhcp_recv
                0x1000e710      0x498 CMakeFiles/webserver.dir/C_/Users/dougl/.pico-sdk/sdk/1.5.1/lib/lwip/src/core/ipv4/dhcp.c.obj
 .text.dhcp_conflict_callback
                0x1000eba8      0x128 CMakeFiles/webserver.dir/C_/Users/dougl/.pico-sdk/sdk/1.5.1/lib/lwip/src/core/ipv4/dhcp.c.obj
 .text.dhcp_set_struct
                0x1000ecd0       0x44 CMakeFiles/webserver.dir/C_/Users/dougl/.pico-sdk/sdk/1.5.1/lib/lwip/src/core/ipv4/dhcp.c.obj
                0x1000ecd0                dhcp_set_struct
 .text.dhcp_network_changed_link_up
                0x1000ed14       0x40 CMakeFiles/webserver.dir/C_/Users/dougl/.pico-sdk/sdk/1.5.1/lib/lwip/src/core/ipv4/dhcp.c.obj
                0x1000ed14                dhcp_network_changed_link_up
 .text.dhcp_renew
                0x1000ed54      0x138 CMakeFiles/webserver.dir/C_/Users/dougl/.pico-sdk/sdk/1.5.1/lib/lwip/src/core/ipv4/dhcp.c.obj
                0x1000ed54                dhcp_renew
 .text.dhcp_release_and_stop
                0x1000ee8c      0x16c CMakeFiles/webserver.dir/C_/Users/dougl/.pico-sdk/sdk/1.5.1/lib/lwip/src/core/ipv4/dhcp.c.obj
                0x1000ee8c                dhcp_release_and_stop
 .text.dhcp_start
                0x1000eff8       0xc0 CMakeFiles/webserver.dir/C_/Users/dougl/.pico-sdk/sdk/1.5.1/lib/lwip/src/core/ipv4/dhcp.c.obj
                0x1000eff8                dhcp_start
 .text.dhcp_coarse_tmr
                0x1000f0b8      0x1d8 CMakeFiles/webserver.dir/C_/Users/dougl/.pico-sdk/sdk/1.5.1/lib/lwip/src/core/ipv4/dhcp.c.obj
                0x1000f0b8                dhcp_coarse_tmr
 .text.dhcp_fine_tmr
                0x1000f290       0x78 CMakeFiles/webserver.dir/C_/Users/dougl/.pico-sdk/sdk/1.5.1/lib/lwip/src/core/ipv4/dhcp.c.obj
                0x1000f290                dhcp_fine_tmr
 .text.dhcp_stop
                0x1000f308        0x8 CMakeFiles/webserver.dir/C_/Users/dougl/.pico-sdk/sdk/1.5.1/lib/lwip/src/core/ipv4/dhcp.c.obj
                0x1000f308                dhcp_stop
 .text.etharp_find_entry
                0x1000f310      0x3c0 CMakeFiles/webserver.dir/C_/Users/dougl/.pico-sdk/sdk/1.5.1/lib/lwip/src/core/ipv4/etharp.c.obj
 .text.etharp_raw
                0x1000f6d0      0x110 CMakeFiles/webserver.dir/C_/Users/dougl/.pico-sdk/sdk/1.5.1/lib/lwip/src/core/ipv4/etharp.c.obj
 .text.etharp_output_to_arp_index
                0x1000f7e0       0xd0 CMakeFiles/webserver.dir/C_/Users/dougl/.pico-sdk/sdk/1.5.1/lib/lwip/src/core/ipv4/etharp.c.obj
 .text.etharp_tmr
                0x1000f8b0       0x94 CMakeFiles/webserver.dir/C_/Users/dougl/.pico-sdk/sdk/1.5.1/lib/lwip/src/core/ipv4/etharp.c.obj
                0x1000f8b0                etharp_tmr
 .text.etharp_cleanup_netif
                0x1000f944      0x188 CMakeFiles/webserver.dir/C_/Users/dougl/.pico-sdk/sdk/1.5.1/lib/lwip/src/core/ipv4/etharp.c.obj
                0x1000f944                etharp_cleanup_netif
 .text.etharp_input
                0x1000facc      0x1c0 CMakeFiles/webserver.dir/C_/Users/dougl/.pico-sdk/sdk/1.5.1/lib/lwip/src/core/ipv4/etharp.c.obj
                0x1000facc                etharp_input
 .text.etharp_query
                0x1000fc8c      0x1b8 CMakeFiles/webserver.dir/C_/Users/dougl/.pico-sdk/sdk/1.5.1/lib/lwip/src/core/ipv4/etharp.c.obj
                0x1000fc8c                etharp_query
 .text.etharp_output
                0x1000fe44      0x25c CMakeFiles/webserver.dir/C_/Users/dougl/.pico-sdk/sdk/1.5.1/lib/lwip/src/core/ipv4/etharp.c.obj
                0x1000fe44                etharp_output
 .text.etharp_acd_probe
                0x100100a0       0x30 CMakeFiles/webserver.dir/C_/Users/dougl/.pico-sdk/sdk/1.5.1/lib/lwip/src/core/ipv4/etharp.c.obj
                0x100100a0                etharp_acd_probe
 .text.etharp_acd_announce
                0x100100d0       0x2c CMakeFiles/webserver.dir/C_/Users/dougl/.pico-sdk/sdk/1.5.1/lib/lwip/src/core/ipv4/etharp.c.obj
                0x100100d0                etharp_acd_announce
 .text.icmp_input
                0x100100fc      0x1ec CMakeFiles/webserver.dir/C_/Users/dougl/.pico-sdk/sdk/1.5.1/lib/lwip/src/core/ipv4/icmp.c.obj
                0x100100fc                icmp_input
 .text.icmp_dest_unreach
                0x100102e8       0xcc CMakeFiles/webserver.dir/C_/Users/dougl/.pico-sdk/sdk/1.5.1/lib/lwip/src/core/ipv4/icmp.c.obj
                0x100102e8                icmp_dest_unreach
 .text.icmp_time_exceeded
                0x100103b4       0xcc CMakeFiles/webserver.dir/C_/Users/dougl/.pico-sdk/sdk/1.5.1/lib/lwip/src/core/ipv4/icmp.c.obj
                0x100103b4                icmp_time_exceeded
 .text.ipfrag_free_pbuf_custom
                0x10010480       0x24 CMakeFiles/webserver.dir/C_/Users/dougl/.pico-sdk/sdk/1.5.1/lib/lwip/src/core/ipv4/ip4_frag.c.obj
 .text.ip_reass_free_complete_datagram
                0x100104a4      0x11c CMakeFiles/webserver.dir/C_/Users/dougl/.pico-sdk/sdk/1.5.1/lib/lwip/src/core/ipv4/ip4_frag.c.obj
 .text.ip_reass_remove_oldest_datagram
                0x100105c0       0xd8 CMakeFiles/webserver.dir/C_/Users/dougl/.pico-sdk/sdk/1.5.1/lib/lwip/src/core/ipv4/ip4_frag.c.obj
 .text.ip_reass_tmr
                0x10010698       0x30 CMakeFiles/webserver.dir/C_/Users/dougl/.pico-sdk/sdk/1.5.1/lib/lwip/src/core/ipv4/ip4_frag.c.obj
                0x10010698                ip_reass_tmr
 .text.ip4_reass
                0x100106c8      0x564 CMakeFiles/webserver.dir/C_/Users/dougl/.pico-sdk/sdk/1.5.1/lib/lwip/src/core/ipv4/ip4_frag.c.obj
                0x100106c8                ip4_reass
 .text.ip4_frag
                0x10010c2c      0x200 CMakeFiles/webserver.dir/C_/Users/dougl/.pico-sdk/sdk/1.5.1/lib/lwip/src/core/ipv4/ip4_frag.c.obj
                0x10010c2c                ip4_frag
 .text.ip4_route
                0x10010e2c       0x80 CMakeFiles/webserver.dir/C_/Users/dougl/.pico-sdk/sdk/1.5.1/lib/lwip/src/core/ipv4/ip4.c.obj
                0x10010e2c                ip4_route
 .text.ip4_input
                0x10010eac      0x348 CMakeFiles/webserver.dir/C_/Users/dougl/.pico-sdk/sdk/1.5.1/lib/lwip/src/core/ipv4/ip4.c.obj
                0x10010eac                ip4_input
 .text.ip4_output_if
                0x100111f4      0x190 CMakeFiles/webserver.dir/C_/Users/dougl/.pico-sdk/sdk/1.5.1/lib/lwip/src/core/ipv4/ip4.c.obj
                0x100111f4                ip4_output_if
 .text.ip4_output_if_src
                0x10011384      0x188 CMakeFiles/webserver.dir/C_/Users/dougl/.pico-sdk/sdk/1.5.1/lib/lwip/src/core/ipv4/ip4.c.obj
                0x10011384                ip4_output_if_src
 .text.ip4_addr_isbroadcast_u32
                0x1001150c       0x3c CMakeFiles/webserver.dir/C_/Users/dougl/.pico-sdk/sdk/1.5.1/lib/lwip/src/core/ipv4/ip4_addr.c.obj
                0x1001150c                ip4_addr_isbroadcast_u32
 .text.ip4addr_ntoa
                0x10011548       0xec CMakeFiles/webserver.dir/C_/Users/dougl/.pico-sdk/sdk/1.5.1/lib/lwip/src/core/ipv4/ip4_addr.c.obj
                0x10011548                ip4addr_ntoa
 .text.acd_add  0x10011634       0x34 CMakeFiles/webserver.dir/C_/Users/dougl/.pico-sdk/sdk/1.5.1/lib/lwip/src/core/ipv4/acd.c.obj
                0x10011634                acd_add
 .text.acd_remove
                0x10011668       0x30 CMakeFiles/webserver.dir/C_/Users/dougl/.pico-sdk/sdk/1.5.1/lib/lwip/src/core/ipv4/acd.c.obj
                0x10011668                acd_remove
 .text.acd_start
                0x10011698       0x20 CMakeFiles/webserver.dir/C_/Users/dougl/.pico-sdk/sdk/1.5.1/lib/lwip/src/core/ipv4/acd.c.obj
                0x10011698                acd_start
 .text.acd_network_changed_link_down
                0x100116b8       0x14 CMakeFiles/webserver.dir/C_/Users/dougl/.pico-sdk/sdk/1.5.1/lib/lwip/src/core/ipv4/acd.c.obj
                0x100116b8                acd_network_changed_link_down
 .text.acd_tmr  0x100116cc       0xe8 CMakeFiles/webserver.dir/C_/Users/dougl/.pico-sdk/sdk/1.5.1/lib/lwip/src/core/ipv4/acd.c.obj
                0x100116cc                acd_tmr
 .text.acd_arp_reply
                0x100117b4       0xe8 CMakeFiles/webserver.dir/C_/Users/dougl/.pico-sdk/sdk/1.5.1/lib/lwip/src/core/ipv4/acd.c.obj
                0x100117b4                acd_arp_reply
 .text.acd_netif_ip_addr_changed
                0x1001189c       0x7c CMakeFiles/webserver.dir/C_/Users/dougl/.pico-sdk/sdk/1.5.1/lib/lwip/src/core/ipv4/acd.c.obj
                0x1001189c                acd_netif_ip_addr_changed
 .text.ethernet_input
                0x10011918       0xd0 CMakeFiles/webserver.dir/C_/Users/dougl/.pico-sdk/sdk/1.5.1/lib/lwip/src/netif/ethernet.c.obj
                0x10011918                ethernet_input
 .text.ethernet_output
                0x100119e8       0x78 CMakeFiles/webserver.dir/C_/Users/dougl/.pico-sdk/sdk/1.5.1/lib/lwip/src/netif/ethernet.c.obj
                0x100119e8                ethernet_output
 .text.cyw43_arch_wifi_connect_bssid_until.part.0
                0x10011a60      0x150 CMakeFiles/webserver.dir/C_/Users/dougl/.pico-sdk/sdk/1.5.1/src/rp2_common/pico_cyw43_arch/cyw43_arch.c.obj
 .text.cyw43_arch_set_async_context
                0x10011bb0        0xc CMakeFiles/webserver.dir/C_/Users/dougl/.pico-sdk/sdk/1.5.1/src/rp2_common/pico_cyw43_arch/cyw43_arch.c.obj
                0x10011bb0                cyw43_arch_set_async_context
 .text.cyw43_arch_enable_sta_mode
                0x10011bbc       0x1c CMakeFiles/webserver.dir/C_/Users/dougl/.pico-sdk/sdk/1.5.1/src/rp2_common/pico_cyw43_arch/cyw43_arch.c.obj
                0x10011bbc                cyw43_arch_enable_sta_mode
 .text.cyw43_arch_wifi_connect_timeout_ms
                0x10011bd8       0xa0 CMakeFiles/webserver.dir/C_/Users/dougl/.pico-sdk/sdk/1.5.1/src/rp2_common/pico_cyw43_arch/cyw43_arch.c.obj
                0x10011bd8                cyw43_arch_wifi_connect_timeout_ms
 .text.cyw43_arch_gpio_put
                0x10011c78       0x14 CMakeFiles/webserver.dir/C_/Users/dougl/.pico-sdk/sdk/1.5.1/src/rp2_common/pico_cyw43_arch/cyw43_arch.c.obj
                0x10011c78                cyw43_arch_gpio_put
 .text.cyw43_arch_async_context
                0x10011c8c        0xc CMakeFiles/webserver.dir/C_/Users/dougl/.pico-sdk/sdk/1.5.1/src/rp2_common/pico_cyw43_arch/cyw43_arch.c.obj
                0x10011c8c                cyw43_arch_async_context
 .text.cyw43_arch_poll
                0x10011c98       0x18 CMakeFiles/webserver.dir/C_/Users/dougl/.pico-sdk/sdk/1.5.1/src/rp2_common/pico_cyw43_arch/cyw43_arch.c.obj
                0x10011c98                cyw43_arch_poll
 .text.cyw43_arch_wait_for_work_until
                0x10011cb0       0x18 CMakeFiles/webserver.dir/C_/Users/dougl/.pico-sdk/sdk/1.5.1/src/rp2_common/pico_cyw43_arch/cyw43_arch.c.obj
                0x10011cb0                cyw43_arch_wait_for_work_until
 .text.cyw43_arch_init
                0x10011cc8       0x74 CMakeFiles/webserver.dir/C_/Users/dougl/.pico-sdk/sdk/1.5.1/src/rp2_common/pico_cyw43_arch/cyw43_arch_threadsafe_background.c.obj
                0x10011cc8                cyw43_arch_init
 .text.ns_delay.constprop.0
                0x10011d3c       0x20 CMakeFiles/webserver.dir/C_/Users/dougl/.pico-sdk/sdk/1.5.1/src/rp2_common/pico_cyw43_driver/cyw43_bus_pio_spi.c.obj
 .text.cyw43_spi_deinit
                0x10011d5c       0x7c CMakeFiles/webserver.dir/C_/Users/dougl/.pico-sdk/sdk/1.5.1/src/rp2_common/pico_cyw43_driver/cyw43_bus_pio_spi.c.obj
                0x10011d5c                cyw43_spi_deinit
 .text.cyw43_spi_init
                0x10011dd8      0x14c CMakeFiles/webserver.dir/C_/Users/dougl/.pico-sdk/sdk/1.5.1/src/rp2_common/pico_cyw43_driver/cyw43_bus_pio_spi.c.obj
                0x10011dd8                cyw43_spi_init
 .text.cyw43_spi_transfer
                0x10011f24      0x3e0 CMakeFiles/webserver.dir/C_/Users/dougl/.pico-sdk/sdk/1.5.1/src/rp2_common/pico_cyw43_driver/cyw43_bus_pio_spi.c.obj
                0x10011f24                cyw43_spi_transfer
 .text.cyw43_spi_gpio_setup
                0x10012304       0x3c CMakeFiles/webserver.dir/C_/Users/dougl/.pico-sdk/sdk/1.5.1/src/rp2_common/pico_cyw43_driver/cyw43_bus_pio_spi.c.obj
                0x10012304                cyw43_spi_gpio_setup
 .text.cyw43_spi_reset
                0x10012340       0x28 CMakeFiles/webserver.dir/C_/Users/dougl/.pico-sdk/sdk/1.5.1/src/rp2_common/pico_cyw43_driver/cyw43_bus_pio_spi.c.obj
                0x10012340                cyw43_spi_reset
 .text.read_reg_u32_swap
                0x10012368       0x3c CMakeFiles/webserver.dir/C_/Users/dougl/.pico-sdk/sdk/1.5.1/src/rp2_common/pico_cyw43_driver/cyw43_bus_pio_spi.c.obj
                0x10012368                read_reg_u32_swap
 .text.cyw43_read_reg_u32
                0x100123a4       0x50 CMakeFiles/webserver.dir/C_/Users/dougl/.pico-sdk/sdk/1.5.1/src/rp2_common/pico_cyw43_driver/cyw43_bus_pio_spi.c.obj
                0x100123a4                cyw43_read_reg_u32
 .text.cyw43_read_reg_u16
                0x100123f4       0x50 CMakeFiles/webserver.dir/C_/Users/dougl/.pico-sdk/sdk/1.5.1/src/rp2_common/pico_cyw43_driver/cyw43_bus_pio_spi.c.obj
                0x100123f4                cyw43_read_reg_u16
 .text.cyw43_read_reg_u8
                0x10012444       0x50 CMakeFiles/webserver.dir/C_/Users/dougl/.pico-sdk/sdk/1.5.1/src/rp2_common/pico_cyw43_driver/cyw43_bus_pio_spi.c.obj
                0x10012444                cyw43_read_reg_u8
 .text.write_reg_u32_swap
                0x10012494      0x1e8 CMakeFiles/webserver.dir/C_/Users/dougl/.pico-sdk/sdk/1.5.1/src/rp2_common/pico_cyw43_driver/cyw43_bus_pio_spi.c.obj
                0x10012494                write_reg_u32_swap
 .text.cyw43_write_reg_u32
                0x1001267c      0x208 CMakeFiles/webserver.dir/C_/Users/dougl/.pico-sdk/sdk/1.5.1/src/rp2_common/pico_cyw43_driver/cyw43_bus_pio_spi.c.obj
                0x1001267c                cyw43_write_reg_u32
 .text.cyw43_write_reg_u16
                0x10012884      0x208 CMakeFiles/webserver.dir/C_/Users/dougl/.pico-sdk/sdk/1.5.1/src/rp2_common/pico_cyw43_driver/cyw43_bus_pio_spi.c.obj
                0x10012884                cyw43_write_reg_u16
 .text.cyw43_write_reg_u8
                0x10012a8c      0x208 CMakeFiles/webserver.dir/C_/Users/dougl/.pico-sdk/sdk/1.5.1/src/rp2_common/pico_cyw43_driver/cyw43_bus_pio_spi.c.obj
                0x10012a8c                cyw43_write_reg_u8
 .text.cyw43_read_bytes
                0x10012c94       0x78 CMakeFiles/webserver.dir/C_/Users/dougl/.pico-sdk/sdk/1.5.1/src/rp2_common/pico_cyw43_driver/cyw43_bus_pio_spi.c.obj